Component: ARM Compiler 5.06 update 3 (build 300) Tool: armlink [4d35c9]

==============================================================================

Section Cross References

    main.o(i.main) refers to _printf_percent.o(.ARM.Collect$$_printf_percent$$00000000) for _printf_percent
    main.o(i.main) refers to _printf_d.o(.ARM.Collect$$_printf_percent$$00000009) for _printf_d
    main.o(i.main) refers to _printf_dec.o(.text) for _printf_int_dec
    main.o(i.main) refers to i2c.o(i.clock_Config) for clock_Config
    main.o(i.main) refers to i2c.o(i.GPIO_Config) for GPIO_Config
    main.o(i.main) refers to i2c.o(i.I2C_Init) for I2C_Init
    main.o(i.main) refers to lcd.o(i.LCD_Config) for LCD_Config
    main.o(i.main) refers to ws2812.o(i.initialize_pixel_tables) for initialize_pixel_tables
    main.o(i.main) refers to ws2812.o(i.dma_data_init) for dma_data_init
    main.o(i.main) refers to ws2812.o(i.clock_init) for clock_init
    main.o(i.main) refers to ws2812.o(i.dma_initial) for dma_initial
    main.o(i.main) refers to ws2812.o(i.io_init) for io_init
    main.o(i.main) refers to ws2812.o(i.tpm_init) for tpm_init
    main.o(i.main) refers to ws2812.o(i.diodes_default) for diodes_default
    main.o(i.main) refers to lps331.o(i.set_Resolution) for set_Resolution
    main.o(i.main) refers to lps331.o(i.set_DataRate) for set_DataRate
    main.o(i.main) refers to lps331.o(i.set_Active) for set_Active
    main.o(i.main) refers to hts221.o(i.set_ResolutionH) for set_ResolutionH
    main.o(i.main) refers to hts221.o(i.set_ActiveH) for set_ActiveH
    main.o(i.main) refers to tsl25721.o(i.set_ActiveL) for set_ActiveL
    main.o(i.main) refers to stlm75.o(i.read_Temperature) for read_Temperature
    main.o(i.main) refers to lps331.o(i.get_Pressure) for get_Pressure
    main.o(i.main) refers to hts221.o(i.get_Humidity) for get_Humidity
    main.o(i.main) refers to tsl25721.o(i.get_Light) for get_Light
    main.o(i.main) refers to ffixi.o(.text) for __aeabi_f2iz
    main.o(i.main) refers to transf.o(i.value_Parameter) for value_Parameter
    main.o(i.main) refers to transf.o(i.set_Color) for set_Color
    main.o(i.main) refers to noretval__2sprintf.o(.text) for __2sprintf
    main.o(i.main) refers to lcd.o(i.SLCD_ShowText) for SLCD_ShowText
    main.o(i.main) refers to systick.o(i.Delay_ms) for Delay_ms
    i2c.o(i.clock_Config) refers to system_mkl46z4.o(i.SystemCoreClockUpdate) for SystemCoreClockUpdate
    i2c.o(i.clock_Config) refers to aeabi_sdiv.o(.text) for __aeabi_uidivmod
    i2c.o(i.clock_Config) refers to i2c.o(i.NVIC_SetPriority) for NVIC_SetPriority
    i2c.o(i.clock_Config) refers to system_mkl46z4.o(.data) for SystemCoreClock
    lcd.o(i.ClrPoint) refers to s401.o(.constdata) for WF_ORDERING_TABLE
    lcd.o(i.LCD_Config) refers to lcd.o(i.vfnLCD_Init) for vfnLCD_Init
    lcd.o(i.LCD_Config) refers to lcd.o(i.vfnLCD_Home) for vfnLCD_Home
    lcd.o(i.PutPoint) refers to s401.o(.constdata) for WF_ORDERING_TABLE
    lcd.o(i.SLCD_ShowText) refers to lcd.o(i.vfnLCD_All_Segments_OFF) for vfnLCD_All_Segments_OFF
    lcd.o(i.SLCD_ShowText) refers to lcd.o(i.vfnLCD_Home) for vfnLCD_Home
    lcd.o(i.SLCD_ShowText) refers to lcd.o(i.vfnLCD_Write_Char) for vfnLCD_Write_Char
    lcd.o(i.SLCD_ShowText) refers to lcd.o(i.SLCD_ShowMinus) for SLCD_ShowMinus
    lcd.o(i.SLCD_ShowText) refers to lcd.o(i.SLCD_ShowDecimalPointAt) for SLCD_ShowDecimalPointAt
    lcd.o(i.SetX) refers to s401.o(.constdata) for WF_ORDERING_TABLE
    lcd.o(i.lcd_pinmux) refers to s401.o(.constdata) for WF_ORDERING_TABLE
    lcd.o(i.lcd_pinmux) refers to lcd.o(.data) for LCD_TO_PORT
    lcd.o(i.vfnBP_VScroll) refers to lcd.o(i.vfnSetBackplanes) for vfnSetBackplanes
    lcd.o(i.vfnBP_VScroll) refers to s401.o(.constdata) for WF_ORDERING_TABLE
    lcd.o(i.vfnEnablePins) refers to s401.o(.constdata) for WF_ORDERING_TABLE
    lcd.o(i.vfnEnablePins) refers to lcd.o(.constdata) for MASK_BIT
    lcd.o(i.vfnLCD_All_Segments_Char) refers to s401.o(.constdata) for WF_ORDERING_TABLE
    lcd.o(i.vfnLCD_All_Segments_OFF) refers to s401.o(.constdata) for WF_ORDERING_TABLE
    lcd.o(i.vfnLCD_All_Segments_ON) refers to s401.o(.constdata) for WF_ORDERING_TABLE
    lcd.o(i.vfnLCD_Home) refers to lcd.o(.data) for bLCD_CharPosition
    lcd.o(i.vfnLCD_Init) refers to lcd.o(i.vfnLCD_interrupt_init) for vfnLCD_interrupt_init
    lcd.o(i.vfnLCD_Init) refers to lcd.o(i.vfnEnablePins) for vfnEnablePins
    lcd.o(i.vfnLCD_Init) refers to lcd.o(.data) for lcd_alternate_mode
    lcd.o(i.vfnLCD_Write_Char) refers to lcd.o(.data) for bLCD_CharPosition
    lcd.o(i.vfnLCD_Write_Char) refers to s401.o(.constdata) for ASCII_TO_WF_CODIFICATION_TABLE
    lcd.o(i.vfnLCD_Write_Msg) refers to lcd.o(i.vfnLCD_Write_Char) for vfnLCD_Write_Char
    lcd.o(i.vfnLCD_Write_Msg) refers to lcd.o(.data) for bLCD_CharPosition
    lcd.o(i.vfnLCD_Write_MsgPlace) refers to lcd.o(i.vfnLCD_Write_Char) for vfnLCD_Write_Char
[...]
    __printf_flags.o(.text) refers to __printf_flags.o(.constdata) for .constdata
    __printf_ss.o(.text) refers to _printf_percent.o(.ARM.Collect$$_printf_percent$$00000000) for _printf_percent
    __printf_flags_ss.o(.text) refers to _printf_percent.o(.ARM.Collect$$_printf_percent$$00000000) for _printf_percent
    __printf_flags_ss.o(.text) refers to __printf_flags_ss.o(.constdata) for .constdata
    __printf_wp.o(.text) refers to __printf_wp.o(i._is_digit) for _is_digit
    __printf_wp.o(.text) refers to _printf_percent.o(.ARM.Collect$$_printf_percent$$00000000) for _printf_percent
    __printf_flags_wp.o(.text) refers to __printf_wp.o(i._is_digit) for _is_digit
    __printf_flags_wp.o(.text) refers to _printf_percent.o(.ARM.Collect$$_printf_percent$$00000000) for _printf_percent
    __printf_flags_wp.o(.text) refers to __printf_flags_wp.o(.constdata) for .constdata
    __printf_ss_wp.o(.text) refers to __printf_wp.o(i._is_digit) for _is_digit
    __printf_ss_wp.o(.text) refers to _printf_percent.o(.ARM.Collect$$_printf_percent$$00000000) for _printf_percent
    __printf_flags_ss_wp.o(.text) refers to __printf_wp.o(i._is_digit) for _is_digit
    __printf_flags_ss_wp.o(.text) refers to _printf_percent.o(.ARM.Collect$$_printf_percent$$00000000) for _printf_percent
    __printf_flags_ss_wp.o(.text) refers to __printf_flags_ss_wp.o(.constdata) for .constdata
    _printf_d.o(.ARM.Collect$$_printf_percent$$00000009) refers (Weak) to _printf_dec.o(.text) for _printf_int_dec
    _printf_percent.o(.ARM.Collect$$_printf_percent$$00000000) refers (Special) to _printf_percent_end.o(.ARM.Collect$$_printf_percent$$00000017) for _printf_percent_end
    __main.o(!!!main) refers to __rtentry.o(.ARM.Collect$$rtentry$$00000000) for __rt_entry
    d2f.o(.text) refers (Special) to usenofp.o(x$fpl$usenofp) for __I$use$fp
    daddsub.o(.text) refers (Special) to usenofp.o(x$fpl$usenofp) for __I$use$fp
    ddiv.o(.text) refers (Special) to usenofp.o(x$fpl$usenofp) for __I$use$fp
    ddiv.o(.text) refers to ddiv.o(.constdata) for .constdata
    ddiv.o(.constdata) refers (Special) to usenofp.o(x$fpl$usenofp) for __I$use$fp
    dmul.o(.text) refers (Special) to usenofp.o(x$fpl$usenofp) for __I$use$fp
    drlef.o(x$fpl$drleqf) refers (Special) to usenofp.o(x$fpl$usenofp) for __I$use$fp
    drlef.o(x$fpl$drleqf) refers to dcmpin.o(.text) for __fpl_dcmp_InfNaN
    f2d.o(.text) refers (Special) to usenofp.o(x$fpl$usenofp) for __I$use$fp
    ffixi.o(.text) refers (Special) to usenofp.o(x$fpl$usenofp) for __I$use$fp
    fflti.o(.text) refers (Special) to usenofp.o(x$fpl$usenofp) for __I$use$fp
    frlef.o(x$fpl$frleqf) refers (Special) to usenofp.o(x$fpl$usenofp) for __I$use$fp
    frlef.o(x$fpl$frleqf) refers to fcmpin.o(.text) for __fpl_fcmp_InfNaN
    __rtentry.o(.ARM.Collect$$rtentry$$00000000) refers (Special) to __rtentry2.o(.ARM.Collect$$rtentry$$0000000A) for __rt_entry_li
    __rtentry.o(.ARM.Collect$$rtentry$$00000000) refers (Special) to __rtentry2.o(.ARM.Collect$$rtentry$$0000000D) for __rt_entry_main
    __rtentry.o(.ARM.Collect$$rtentry$$00000000) refers (Special) to __rtentry2.o(.ARM.Collect$$rtentry$$0000000C) for __rt_entry_postli_1
    __rtentry.o(.ARM.Collect$$rtentry$$00000000) refers (Special) to __rtentry2.o(.ARM.Collect$$rtentry$$00000009) for __rt_entry_postsh_1
    __rtentry.o(.ARM.Collect$$rtentry$$00000000) refers (Special) to __rtentry2.o(.ARM.Collect$$rtentry$$00000002) for __rt_entry_presh_1
    __rtentry.o(.ARM.Collect$$rtentry$$00000000) refers (Special) to __rtentry4.o(.ARM.Collect$$rtentry$$00000004) for __rt_entry_sh
    aeabi_idiv0_sigfpe.o(.text) refers to rt_div0.o(.text) for __rt_div0
    _printf_char_common.o(.text) refers to __printf.o(.text) for __printf
    dcmpin.o(.text) refers (Special) to usenofp.o(x$fpl$usenofp) for __I$use$fp
    dcmpin.o(.text) refers to cmpret.o(.text) for __fpl_cmpreturn
    dcmpin.o(.text) refers to dnan2.o(.text) for __fpl_dcheck_NaN2
    fcmpin.o(.text) refers (Special) to usenofp.o(x$fpl$usenofp) for __I$use$fp
    fcmpin.o(.text) refers to cmpret.o(.text) for __fpl_cmpreturn
    fcmpin.o(.text) refers to fnan2.o(.text) for __fpl_fcheck_NaN2
    __rtentry2.o(.ARM.Collect$$rtentry$$00000008) refers to boardinit2.o(.text) for _platform_post_stackheap_init
    __rtentry2.o(.ARM.Collect$$rtentry$$0000000A) refers to libinit.o(.ARM.Collect$$libinit$$00000000) for __rt_lib_init
    __rtentry2.o(.ARM.Collect$$rtentry$$0000000B) refers to boardinit3.o(.text) for _platform_post_lib_init
    __rtentry2.o(.ARM.Collect$$rtentry$$0000000D) refers to main.o(i.main) for main
    __rtentry2.o(.ARM.Collect$$rtentry$$0000000D) refers to exit.o(.text) for exit
    __rtentry2.o(.ARM.exidx) refers to __rtentry2.o(.ARM.Collect$$rtentry$$00000001) for .ARM.Collect$$rtentry$$00000001
    __rtentry2.o(.ARM.exidx) refers to __rtentry2.o(.ARM.Collect$$rtentry$$00000008) for .ARM.Collect$$rtentry$$00000008
    __rtentry2.o(.ARM.exidx) refers to __rtentry2.o(.ARM.Collect$$rtentry$$0000000A) for .ARM.Collect$$rtentry$$0000000A
    __rtentry2.o(.ARM.exidx) refers to __rtentry2.o(.ARM.Collect$$rtentry$$0000000B) for .ARM.Collect$$rtentry$$0000000B
    __rtentry2.o(.ARM.exidx) refers to __rtentry2.o(.ARM.Collect$$rtentry$$0000000D) for .ARM.Collect$$rtentry$$0000000D
    __rtentry4.o(.ARM.Collect$$rtentry$$00000004) refers to sys_stackheap_outer.o(.text) for __user_setup_stackheap
    __rtentry4.o(.ARM.exidx) refers to __rtentry4.o(.ARM.Collect$$rtentry$$00000004) for .ARM.Collect$$rtentry$$00000004
    rt_div0.o(.text) refers to defsig_fpe_outer.o(.text) for __rt_SIGFPE
    cmpret.o(.text) refers (Special) to usenofp.o(x$fpl$usenofp) for __I$use$fp
    dnan2.o(.text) refers (Special) to usenofp.o(x$fpl$usenofp) for __I$use$fp
    dnan2.o(.text) refers to retnan.o(.text) for __fpl_return_NaN
    fnan2.o(.text) refers (Special) to usenofp.o(x$fpl$usenofp) for __I$use$fp
    fnan2.o(.text) refers to retnan.o(.text) for __fpl_return_NaN
    sys_stackheap_outer.o(.text) refers to libspace.o(.text) for __user_perproc_libspace
    sys_stackheap_outer.o(.text) refers to startup_mkl46z4.o(.text) for __user_initial_stackheap
    sys_stackheap_outer.o(__vectab_stack_and_reset_area) refers to tempstk.o(.text) for __temporary_stack_top
    sys_stackheap_outer.o(__vectab_stack_and_reset_area) refers to __main.o(!!!main) for __main
    exit.o(.text) refers to rtexit.o(.ARM.Collect$$rtexit$$00000000) for __rt_exit
    defsig_fpe_outer.o(.text) refers to defsig_fpe_inner.o(.text) for __rt_SIGFPE_inner
    defsig_fpe_outer.o(.text) refers to defsig_exit.o(.text) for __sig_exit
    defsig_fpe_formal.o(.text) refers to rt_raise.o(.text) for __rt_raise
    libinit.o(.ARM.Collect$$libinit$$00000000) refers (Special) to libinit2.o(.ARM.Collect$$libinit$$0000002E) for __rt_lib_init_alloca_1
    libinit.o(.ARM.Collect$$libinit$$00000000) refers (Special) to libinit2.o(.ARM.Collect$$libinit$$0000002C) for __rt_lib_init_argv_1
    libinit.o(.ARM.Collect$$libinit$$00000000) refers (Special) to libinit2.o(.ARM.Collect$$libinit$$0000001B) for __rt_lib_init_atexit_1
    libinit.o(.ARM.Collect$$libinit$$00000000) refers (Special) to libinit2.o(.ARM.Collect$$libinit$$00000021) for __rt_lib_init_clock_1
    libinit.o(.ARM.Collect$$libinit$$00000000) refers (Special) to libinit2.o(.ARM.Collect$$libinit$$00000032) for __rt_lib_init_cpp_1
    libinit.o(.ARM.Collect$$libinit$$00000000) refers (Special) to libinit2.o(.ARM.Collect$$libinit$$00000030) for __rt_lib_init_exceptions_1
    libinit.o(.ARM.Collect$$libinit$$00000000) refers (Special) to libinit2.o(.ARM.Collect$$libinit$$00000002) for __rt_lib_init_fp_1
    libinit.o(.ARM.Collect$$libinit$$00000000) refers (Special) to libinit2.o(.ARM.Collect$$libinit$$0000001F) for __rt_lib_init_fp_trap_1
    libinit.o(.ARM.Collect$$libinit$$00000000) refers (Special) to libinit2.o(.ARM.Collect$$libinit$$00000023) for __rt_lib_init_getenv_1
    libinit.o(.ARM.Collect$$libinit$$00000000) refers (Special) to libinit2.o(.ARM.Collect$$libinit$$0000000A) for __rt_lib_init_heap_1
    libinit.o(.ARM.Collect$$libinit$$00000000) refers (Special) to libinit2.o(.ARM.Collect$$libinit$$00000011) for __rt_lib_init_lc_collate_1
    libinit.o(.ARM.Collect$$libinit$$00000000) refers (Special) to libinit2.o(.ARM.Collect$$libinit$$00000013) for __rt_lib_init_lc_ctype_1
    libinit.o(.ARM.Collect$$libinit$$00000000) refers (Special) to libinit2.o(.ARM.Collect$$libinit$$00000015) for __rt_lib_init_lc_monetary_1
    libinit.o(.ARM.Collect$$libinit$$00000000) refers (Special) to libinit2.o(.ARM.Collect$$libinit$$00000017) for __rt_lib_init_lc_numeric_1
    libinit.o(.ARM.Collect$$libinit$$00000000) refers (Special) to libinit2.o(.ARM.Collect$$libinit$$00000019) for __rt_lib_init_lc_time_1
    libinit.o(.ARM.Collect$$libinit$$00000000) refers (Special) to libinit2.o(.ARM.Collect$$libinit$$00000004) for __rt_lib_init_preinit_1
    libinit.o(.ARM.Collect$$libinit$$00000000) refers (Special) to libinit2.o(.ARM.Collect$$libinit$$0000000E) for __rt_lib_init_rand_1
    libinit.o(.ARM.Collect$$libinit$$00000000) refers (Special) to libinit2.o(.ARM.Collect$$libinit$$00000033) for __rt_lib_init_return
    libinit.o(.ARM.Collect$$libinit$$00000000) refers (Special) to libinit2.o(.ARM.Collect$$libinit$$0000001D) for __rt_lib_init_signal_1
    libinit.o(.ARM.Collect$$libinit$$00000000) refers (Special) to libinit2.o(.ARM.Collect$$libinit$$00000025) for __rt_lib_init_stdio_1
    libinit.o(.ARM.Collect$$libinit$$00000000) refers (Special) to libinit2.o(.ARM.Collect$$libinit$$0000000C) for __rt_lib_init_user_alloc_1
    retnan.o(.text) refers (Special) to usenofp.o(x$fpl$usenofp) for __I$use$fp
    retnan.o(.text) refers to cmpret.o(.text) for __fpl_cmpreturn
    libspace.o(.text) refers to libspace.o(.bss) for __libspace_start
    rtexit.o(.ARM.Collect$$rtexit$$00000000) refers (Special) to rtexit2.o(.ARM.Collect$$rtexit$$00000004) for __rt_exit_exit
    rtexit.o(.ARM.Collect$$rtexit$$00000000) refers (Special) to rtexit2.o(.ARM.Collect$$rtexit$$00000003) for __rt_exit_ls
    rtexit.o(.ARM.Collect$$rtexit$$00000000) refers (Special) to rtexit2.o(.ARM.Collect$$rtexit$$00000002) for __rt_exit_prels_1
    rtexit.o(.ARM.exidx) refers (Special) to rtexit2.o(.ARM.Collect$$rtexit$$00000004) for __rt_exit_exit
    rtexit.o(.ARM.exidx) refers (Special) to rtexit2.o(.ARM.Collect$$rtexit$$00000003) for __rt_exit_ls
    rtexit.o(.ARM.exidx) refers (Special) to rtexit2.o(.ARM.Collect$$rtexit$$00000002) for __rt_exit_prels_1
    rtexit.o(.ARM.exidx) refers to rtexit.o(.ARM.Collect$$rtexit$$00000000) for .ARM.Collect$$rtexit$$00000000
    rt_raise.o(.text) refers to __raise.o(.text) for __raise
    rt_raise.o(.text) refers to sys_exit.o(.text) for _sys_exit
    defsig_exit.o(.text) refers to sys_exit.o(.text) for _sys_exit
    defsig_fpe_inner.o(.text) refers to defsig_general.o(.text) for __default_signal_display
    libinit2.o(.ARM.Collect$$libinit$$00000010) refers to libinit2.o(.ARM.Collect$$libinit$$0000000F) for .ARM.Collect$$libinit$$0000000F
    libinit2.o(.ARM.Collect$$libinit$$00000012) refers to libinit2.o(.ARM.Collect$$libinit$$0000000F) for .ARM.Collect$$libinit$$0000000F
    libinit2.o(.ARM.Collect$$libinit$$00000014) refers to libinit2.o(.ARM.Collect$$libinit$$0000000F) for .ARM.Collect$$libinit$$0000000F
    libinit2.o(.ARM.Collect$$libinit$$00000016) refers to libinit2.o(.ARM.Collect$$libinit$$0000000F) for .ARM.Collect$$libinit$$0000000F
    libinit2.o(.ARM.Collect$$libinit$$00000018) refers to libinit2.o(.ARM.Collect$$libinit$$0000000F) for .ARM.Collect$$libinit$$0000000F
    libinit2.o(.ARM.Collect$$libinit$$00000026) refers to argv_veneer.o(.text) for __ARM_argv_veneer
    libinit2.o(.ARM.Collect$$libinit$$00000027) refers to argv_veneer.o(.text) for __ARM_argv_veneer
    sys_exit.o(.text) refers (Special) to use_no_semi.o(.text) for __I$use$semihosting
    sys_exit.o(.text) refers (Special) to indicate_semi.o(.text) for __semihosting_library_function
    rtexit2.o(.ARM.Collect$$rtexit$$00000003) refers to libshutdown.o(.ARM.Collect$$libshutdown$$00000000) for __rt_lib_shutdown
    rtexit2.o(.ARM.Collect$$rtexit$$00000004) refers to sys_exit.o(.text) for _sys_exit
    rtexit2.o(.ARM.exidx) refers to rtexit2.o(.ARM.Collect$$rtexit$$00000001) for .ARM.Collect$$rtexit$$00000001
    rtexit2.o(.ARM.exidx) refers to rtexit2.o(.ARM.Collect$$rtexit$$00000003) for .ARM.Collect$$rtexit$$00000003
    rtexit2.o(.ARM.exidx) refers to rtexit2.o(.ARM.Collect$$rtexit$$00000004) for .ARM.Collect$$rtexit$$00000004
    __raise.o(.text) refers to defsig.o(CL$$defsig) for __default_signal_handler
    defsig_general.o(.text) refers to sys_wrch.o(.text) for _ttywrch
    sys_wrch.o(.text) refers (Special) to use_no_semi.o(.text) for __I$use$semihosting
    sys_wrch.o(.text) refers (Special) to indicate_semi.o(.text) for __semihosting_library_function
    defsig.o(CL$$defsig) refers to defsig_fpe_inner.o(.text) for __rt_SIGFPE_inner
    defsig.o(CL$$defsig) refers to defsig_rtmem_inner.o(.text) for __rt_SIGRTMEM_inner
    _get_argv_nomalloc.o(.text) refers (Special) to hrguard.o(.text) for __heap_region$guard
    _get_argv_nomalloc.o(.text) refers to defsig_rtmem_outer.o(.text) for __rt_SIGRTMEM
    _get_argv_nomalloc.o(.text) refers to sys_command.o(.text) for _sys_command_string
    libshutdown.o(.ARM.Collect$$libshutdown$$00000000) refers (Special) to libshutdown2.o(.ARM.Collect$$libshutdown$$00000002) for __rt_lib_shutdown_cpp_1
    libshutdown.o(.ARM.Collect$$libshutdown$$00000000) refers (Special) to libshutdown2.o(.ARM.Collect$$libshutdown$$00000007) for __rt_lib_shutdown_fp_trap_1
    libshutdown.o(.ARM.Collect$$libshutdown$$00000000) refers (Special) to libshutdown2.o(.ARM.Collect$$libshutdown$$0000000F) for __rt_lib_shutdown_heap_1
    libshutdown.o(.ARM.Collect$$libshutdown$$00000000) refers (Special) to libshutdown2.o(.ARM.Collect$$libshutdown$$00000010) for __rt_lib_shutdown_return
    libshutdown.o(.ARM.Collect$$libshutdown$$00000000) refers (Special) to libshutdown2.o(.ARM.Collect$$libshutdown$$0000000A) for __rt_lib_shutdown_signal_1
    libshutdown.o(.ARM.Collect$$libshutdown$$00000000) refers (Special) to libshutdown2.o(.ARM.Collect$$libshutdown$$00000004) for __rt_lib_shutdown_stdio_1
    libshutdown.o(.ARM.Collect$$libshutdown$$00000000) refers (Special) to libshutdown2.o(.ARM.Collect$$libshutdown$$0000000C) for __rt_lib_shutdown_user_alloc_1
    sys_command.o(.text) refers (Special) to use_no_semi.o(.text) for __I$use$semihosting
    sys_command.o(.text) refers (Special) to indicate_semi.o(.text) for __semihosting_library_function
    defsig_abrt_inner.o(.text) refers to defsig_general.o(.text) for __default_signal_display
    defsig_rtred_inner.o(.text) refers to defsig_general.o(.text) for __default_signal_display
    defsig_rtmem_inner.o(.text) refers to defsig_general.o(.text) for __default_signal_display
    defsig_rtmem_outer.o(.text) refers to defsig_rtmem_inner.o(.text) for __rt_SIGRTMEM_inner
    defsig_rtmem_outer.o(.text) refers to defsig_exit.o(.text) for __sig_exit
    defsig_rtmem_formal.o(.text) refers to rt_raise.o(.text) for __rt_raise
    defsig_stak_inner.o(.text) refers to defsig_general.o(.text) for __default_signal_display
    defsig_pvfn_inner.o(.text) refers to defsig_general.o(.text) for __default_signal_display
    defsig_cppl_inner.o(.text) refers to defsig_general.o(.text) for __default_signal_display
    defsig_segv_inner.o(.text) refers to defsig_general.o(.text) for __default_signal_display
    defsig_other.o(.text) refers to defsig_general.o(.text) for __default_signal_display


==============================================================================

Removing Unused input sections from the image.

    Removing main.o(.rev16_text), (4 bytes).
    Removing main.o(.revsh_text), (4 bytes).
    Removing i2c.o(.rev16_text), (4 bytes).
    Removing i2c.o(.revsh_text), (4 bytes).
    Removing lcd.o(.rev16_text), (4 bytes).
    Removing lcd.o(.revsh_text), (4 bytes).
    Removing lcd.o(i.ClrPoint), (44 bytes).
    Removing lcd.o(i.PutPoint), (44 bytes).
    Removing lcd.o(i.SLCD_HideColon), (20 bytes).
    Removing lcd.o(i.SLCD_HideDecimalPointAt), (72 bytes).
    Removing lcd.o(i.SLCD_ShowColon), (20 bytes).
    Removing lcd.o(i.SetX), (28 bytes).
    Removing lcd.o(i.lcd_pinmux), (92 bytes).
    Removing lcd.o(i.vfnBP_VScroll), (84 bytes).
    Removing lcd.o(i.vfnLCD_All_Segments_Char), (36 bytes).
    Removing lcd.o(i.vfnLCD_All_Segments_ON), (40 bytes).
    Removing lcd.o(i.vfnLCD_Contrast), (28 bytes).
    Removing lcd.o(i.vfnLCD_Write_Msg), (64 bytes).
    Removing lcd.o(i.vfnLCD_Write_MsgPlace), (30 bytes).
    Removing lcd.o(i.vfnSetBackplanes), (44 bytes).
    Removing lcd.o(.bss), (32 bytes).
    Removing stlm75.o(.rev16_text), (4 bytes).
    Removing stlm75.o(.revsh_text), (4 bytes).
    Removing ws2812.o(.rev16_text), (4 bytes).
    Removing ws2812.o(.revsh_text), (4 bytes).
    Removing ws2812.o(.constdata), (20 bytes).
    Removing lps331.o(.rev16_text), (4 bytes).
    Removing lps331.o(.revsh_text), (4 bytes).
    Removing hts221.o(.rev16_text), (4 bytes).
    Removing hts221.o(.revsh_text), (4 bytes).
    Removing tsl25721.o(.rev16_text), (4 bytes).
    Removing tsl25721.o(.revsh_text), (4 bytes).
    Removing transf.o(.rev16_text), (4 bytes).
    Removing transf.o(.revsh_text), (4 bytes).
    Removing systick.o(.rev16_text), (4 bytes).
    Removing systick.o(.revsh_text), (4 bytes).
    Removing system_mkl46z4.o(.rev16_text), (4 bytes).
    Removing system_mkl46z4.o(.revsh_text), (4 bytes).

38 unused section(s) (total 786 bytes) removed from the image.

==============================================================================

Image Symbol Table

    Local Symbols

    Symbol Name                              Value     Ov Type        Size  Object(Section)

    RESET                                    0x00000000   Section      192  startup_mkl46z4.o(RESET)
    ../clib/angel/boardlib.s                 0x00000000   Number         0  boardshut.o ABSOLUTE
    ../clib/angel/boardlib.s                 0x00000000   Number         0  boardinit1.o ABSOLUTE
    ../clib/angel/boardlib.s                 0x00000000   Number         0  boardinit2.o ABSOLUTE
    ../clib/angel/boardlib.s                 0x00000000   Number         0  boardinit3.o ABSOLUTE
    ../clib/angel/handlers.s                 0x00000000   Number         0  __scatter_zi.o ABSOLUTE
    ../clib/angel/handlers.s                 0x00000000   Number         0  __scatter_copy.o ABSOLUTE
    ../clib/angel/kernel.s                   0x00000000   Number         0  rtexit.o ABSOLUTE
    ../clib/angel/kernel.s                   0x00000000   Number         0  rtexit2.o ABSOLUTE
    ../clib/angel/kernel.s                   0x00000000   Number         0  __rtentry.o ABSOLUTE
    ../clib/angel/kernel.s                   0x00000000   Number         0  __rtentry2.o ABSOLUTE
    ../clib/angel/kernel.s                   0x00000000   Number         0  __rtentry4.o ABSOLUTE
    ../clib/angel/rt.s                       0x00000000   Number         0  aeabi_idiv0.o ABSOLUTE
    ../clib/angel/rt.s                       0x00000000   Number         0  rt_raise.o ABSOLUTE
    ../clib/angel/rt.s                       0x00000000   Number         0  aeabi_idiv0_sigfpe.o ABSOLUTE
    ../clib/angel/rt.s                       0x00000000   Number         0  rt_div0.o ABSOLUTE
    ../clib/angel/scatterp.s                 0x00000000   Number         0  __scatter.o ABSOLUTE
    ../clib/angel/startup.s                  0x00000000   Number         0  __main.o ABSOLUTE
    ../clib/angel/sys.s                      0x00000000   Number         0  libspace.o ABSOLUTE
    ../clib/angel/sys.s                      0x00000000   Number         0  tempstk.o ABSOLUTE
    ../clib/angel/sys.s                      0x00000000   Number         0  use_no_semi.o ABSOLUTE
    ../clib/angel/sys.s                      0x00000000   Number         0  indicate_semi.o ABSOLUTE
    ../clib/angel/sys.s                      0x00000000   Number         0  sys_stackheap_outer.o ABSOLUTE
    ../clib/angel/sysapp.c                   0x00000000   Number         0  sys_command.o ABSOLUTE
    ../clib/angel/sysapp.c                   0x00000000   Number         0  sys_exit.o ABSOLUTE
    ../clib/angel/sysapp.c                   0x00000000   Number         0  sys_wrch.o ABSOLUTE
    ../clib/armsys.c                         0x00000000   Number         0  argv_veneer.o ABSOLUTE
    ../clib/armsys.c                         0x00000000   Number         0  no_argv.o ABSOLUTE
    ../clib/armsys.c                         0x00000000   Number         0  _get_argv_nomalloc.o ABSOLUTE
    ../clib/division.c                       0x00000000   Number         0  rtudiv10.o ABSOLUTE
    ../clib/division.s                       0x00000000   Number         0  aeabi_sdiv.o ABSOLUTE
    ../clib/division.s                       0x00000000   Number         0  aeabi_sdiv_div0.o ABSOLUTE
    ../clib/heapalloc.c                      0x00000000   Number         0  hrguard.o ABSOLUTE
    ../clib/heapaux.c                        0x00000000   Number         0  heapauxi.o ABSOLUTE
    ../clib/libinit.s                        0x00000000   Number         0  libinit2.o ABSOLUTE
    ../clib/libinit.s                        0x00000000   Number         0  libshutdown2.o ABSOLUTE
    ../clib/libinit.s                        0x00000000   Number         0  libshutdown.o ABSOLUTE
    ../clib/libinit.s                        0x00000000   Number         0  libinit.o ABSOLUTE
    ../clib/printf.c                         0x00000000   Number         0  __printf_wp.o ABSOLUTE
    ../clib/printf.c                         0x00000000   Number         0  __printf_flags_wp.o ABSOLUTE
    ../clib/printf.c                         0x00000000   Number         0  _printf_intcommon.o ABSOLUTE
    ../clib/printf.c                         0x00000000   Number         0  __printf_flags_ss.o ABSOLUTE
    ../clib/printf.c                         0x00000000   Number         0  __printf_ss_wp.o ABSOLUTE
    ../clib/printf.c                         0x00000000   Number         0  __printf_flags_ss_wp.o ABSOLUTE
    ../clib/printf.c                         0x00000000   Number         0  __printf_nopercent.o ABSOLUTE
    ../clib/printf.c                         0x00000000   Number         0  __2sprintf.o ABSOLUTE
    ../clib/printf.c                         0x00000000   Number         0  noretval__2sprintf.o ABSOLUTE
    ../clib/printf.c                         0x00000000   Number         0  __printf.o ABSOLUTE
    ../clib/printf.c                         0x00000000   Number         0  _sputc.o ABSOLUTE
    ../clib/printf.c                         0x00000000   Number         0  _printf_dec.o ABSOLUTE
    ../clib/printf.c                         0x00000000   Number         0  __printf_flags.o ABSOLUTE
    ../clib/printf.c                         0x00000000   Number         0  _printf_char_common.o ABSOLUTE
    ../clib/printf.c                         0x00000000   Number         0  __printf_ss.o ABSOLUTE
    ../clib/printf_percent.s                 0x00000000   Number         0  _printf_d.o ABSOLUTE
    ../clib/printf_percent.s                 0x00000000   Number         0  _printf_percent.o ABSOLUTE
    ../clib/printf_percent.s                 0x00000000   Number         0  _printf_percent_end.o ABSOLUTE
    ../clib/signal.c                         0x00000000   Number         0  __raise.o ABSOLUTE
    ../clib/signal.c                         0x00000000   Number         0  defsig_abrt_inner.o ABSOLUTE
    ../clib/signal.c                         0x00000000   Number         0  defsig_rtmem_outer.o ABSOLUTE
    ../clib/signal.c                         0x00000000   Number         0  defsig_general.o ABSOLUTE
    ../clib/signal.c                         0x00000000   Number         0  defsig_cppl_inner.o ABSOLUTE
    ../clib/signal.c                         0x00000000   Number         0  defsig_rtmem_formal.o ABSOLUTE
    ../clib/signal.c                         0x00000000   Number         0  defsig_stak_inner.o ABSOLUTE
    ../clib/signal.c                         0x00000000   Number         0  defsig_fpe_inner.o ABSOLUTE
    ../clib/signal.c                         0x00000000   Number         0  defsig_exit.o ABSOLUTE
    ../clib/signal.c                         0x00000000   Number         0  defsig_pvfn_inner.o ABSOLUTE
    ../clib/signal.c                         0x00000000   Number         0  defsig_segv_inner.o ABSOLUTE
    ../clib/signal.c                         0x00000000   Number         0  defsig_other.o ABSOLUTE
    ../clib/signal.c                         0x00000000   Number         0  defsig_fpe_outer.o ABSOLUTE
    ../clib/signal.c                         0x00000000   Number         0  defsig_fpe_formal.o ABSOLUTE
    ../clib/signal.c                         0x00000000   Number         0  defsig_rtred_inner.o ABSOLUTE
    ../clib/signal.c                         0x00000000   Number         0  defsig_rtmem_inner.o ABSOLUTE
    ../clib/signal.s                         0x00000000   Number         0  defsig.o ABSOLUTE
    ../clib/stdlib.c                         0x00000000   Number         0  exit.o ABSOLUTE
    ../fplib/cfplib/cmpret.c                 0x00000000   Number         0  cmpret.o ABSOLUTE
    ../fplib/cfplib/d2f.c                    0x00000000   Number         0  d2f.o ABSOLUTE
    ../fplib/cfplib/daddsub.c                0x00000000   Number         0  daddsub.o ABSOLUTE
    ../fplib/cfplib/dcmpin.c                 0x00000000   Number         0  dcmpin.o ABSOLUTE
    ../fplib/cfplib/ddiv.c                   0x00000000   Number         0  ddiv.o ABSOLUTE
    ../fplib/cfplib/dmul.c                   0x00000000   Number         0  dmul.o ABSOLUTE
    ../fplib/cfplib/f2d.c                    0x00000000   Number         0  f2d.o ABSOLUTE
    ../fplib/cfplib/fcmpin.c                 0x00000000   Number         0  fcmpin.o ABSOLUTE
    ../fplib/cfplib/ffix.c                   0x00000000   Number         0  ffixi.o ABSOLUTE
    ../fplib/cfplib/fflt.c                   0x00000000   Number         0  fflti.o ABSOLUTE
    ../fplib/cfplib/fpinit.c                 0x00000000   Number         0  fpinit.o ABSOLUTE
    ../fplib/cfplib/nan2.c                   0x00000000   Number         0  fnan2.o ABSOLUTE
    ../fplib/cfplib/nan2.c                   0x00000000   Number         0  dnan2.o ABSOLUTE
    ../fplib/cfplib/retnan.c                 0x00000000   Number         0  retnan.o ABSOLUTE
    ../fplib/drleqf6m.s                      0x00000000   Number         0  drlef.o ABSOLUTE
    ../fplib/frleqf6m.s                      0x00000000   Number         0  frlef.o ABSOLUTE
    ../fplib/usenofp.s                       0x00000000   Number         0  usenofp.o ABSOLUTE
    HTS221.c                                 0x00000000   Number         0  hts221.o ABSOLUTE
    HTS221.c                                 0x00000000   Number         0  hts221.o ABSOLUTE
    I2C.c                                    0x00000000   Number         0  i2c.o ABSOLUTE
    I2C.c                                    0x00000000   Number         0  i2c.o ABSOLUTE
    LCD.c                                    0x00000000   Number         0  lcd.o ABSOLUTE
    LCD.c                                    0x00000000   Number         0  lcd.o ABSOLUTE
    LPS331.c                                 0x00000000   Number         0  lps331.o ABSOLUTE
    LPS331.c                                 0x00000000   Number         0  lps331.o ABSOLUTE
    RTE\Device\MKL46Z256xxx4\startup_MKL46Z4.s 0x00000000   Number         0  startup_mkl46z4.o ABSOLUTE
    RTE\Device\MKL46Z256xxx4\system_MKL46Z4.c 0x00000000   Number         0  system_mkl46z4.o ABSOLUTE
    RTE\\Device\\MKL46Z256xxx4\\system_MKL46Z4.c 0x00000000   Number         0  system_mkl46z4.o ABSOLUTE
    STLM75.c                                 0x00000000   Number         0  stlm75.o ABSOLUTE
    STLM75.c                                 0x00000000   Number         0  stlm75.o ABSOLUTE
    SysTick.c                                0x00000000   Number         0  systick.o ABSOLUTE
    SysTick.c                                0x00000000   Number         0  systick.o ABSOLUTE
    TSL25721.c                               0x00000000   Number         0  tsl25721.o ABSOLUTE
    TSL25721.c                               0x00000000   Number         0  tsl25721.o ABSOLUTE
    WS2812.c                                 0x00000000   Number         0  ws2812.o ABSOLUTE
    WS2812.c                                 0x00000000   Number         0  ws2812.o ABSOLUTE
    dc.s                                     0x00000000   Number         0  dc.o ABSOLUTE
    main.c                                   0x00000000   Number         0  main.o ABSOLUTE
    main.c                                   0x00000000   Number         0  main.o ABSOLUTE
    s401.c                                   0x00000000   Number         0  s401.o ABSOLUTE
    transf.c                                 0x00000000   Number         0  transf.o ABSOLUTE
    transf.c                                 0x00000000   Number         0  transf.o ABSOLUTE
    !!!main                                  0x000000c0   Section        8  __main.o(!!!main)
    !!!scatter                               0x000000c8   Section       60  __scatter.o(!!!scatter)
    !!handler_copy                           0x00000104   Section       26  __scatter_copy.o(!!handler_copy)
    !!handler_zi                             0x00000120   Section       28  __scatter_zi.o(!!handler_zi)
    .ARM.Collect$$_printf_percent$$00000000  0x0000013c   Section        2  _printf_percent.o(.ARM.Collect$$_printf_percent$$00000000)
    .ARM.Collect$$_printf_percent$$00000009  0x0000013e   Section       10  _printf_d.o(.ARM.Collect$$_printf_percent$$00000009)
    .ARM.Collect$$_printf_percent$$00000017  0x00000148   Section        4  _printf_percent_end.o(.ARM.Collect$$_printf_percent$$00000017)
    .ARM.Collect$$libinit$$00000000          0x0000014c   Section        2  libinit.o(.ARM.Collect$$libinit$$00000000)
    .ARM.Collect$$libinit$$00000002          0x0000014e   Section        0  libinit2.o(.ARM.Collect$$libinit$$00000002)
    .ARM.Collect$$libinit$$00000004          0x0000014e   Section        0  libinit2.o(.ARM.Collect$$libinit$$00000004)
    .ARM.Collect$$libinit$$0000000A          0x0000014e   Section        0  libinit2.o(.ARM.Collect$$libinit$$0000000A)
    .ARM.Collect$$libinit$$0000000C          0x0000014e   Section        0  libinit2.o(.ARM.Collect$$libinit$$0000000C)
    .ARM.Collect$$libinit$$0000000E          0x0000014e   Section        0  libinit2.o(.ARM.Collect$$libinit$$0000000E)
    .ARM.Collect$$libinit$$00000011          0x0000014e   Section        0  libinit2.o(.ARM.Collect$$libinit$$00000011)
    .ARM.Collect$$libinit$$00000013          0x0000014e   Section        0  libinit2.o(.ARM.Collect$$libinit$$00000013)
    .ARM.Collect$$libinit$$00000015          0x0000014e   Section        0  libinit2.o(.ARM.Collect$$libinit$$00000015)
    .ARM.Collect$$libinit$$00000017          0x0000014e   Section        0  libinit2.o(.ARM.Collect$$libinit$$00000017)
    .ARM.Collect$$libinit$$00000019          0x0000014e   Section        0  libinit2.o(.ARM.Collect$$libinit$$00000019)
    .ARM.Collect$$libinit$$0000001B          0x0000014e   Section        0  libinit2.o(.ARM.Collect$$libinit$$0000001B)
    .ARM.Collect$$libinit$$0000001D          0x0000014e   Section        0  libinit2.o(.ARM.Collect$$libinit$$0000001D)
    .ARM.Collect$$libinit$$0000001F          0x0000014e   Section        0  libinit2.o(.ARM.Collect$$libinit$$0000001F)
    .ARM.Collect$$libinit$$00000021          0x0000014e   Section        0  libinit2.o(.ARM.Collect$$libinit$$00000021)
    .ARM.Collect$$libinit$$00000023          0x0000014e   Section        0  libinit2.o(.ARM.Collect$$libinit$$00000023)
    .ARM.Collect$$libinit$$00000025          0x0000014e   Section        0  libinit2.o(.ARM.Collect$$libinit$$00000025)
    .ARM.Collect$$libinit$$0000002C          0x0000014e   Section        0  libinit2.o(.ARM.Collect$$libinit$$0000002C)
    .ARM.Collect$$libinit$$0000002E          0x0000014e   Section        0  libinit2.o(.ARM.Collect$$libinit$$0000002E)
    .ARM.Collect$$libinit$$00000030          0x0000014e   Section        0  libinit2.o(.ARM.Collect$$libinit$$00000030)
    .ARM.Collect$$libinit$$00000032          0x0000014e   Section        0  libinit2.o(.ARM.Collect$$libinit$$00000032)
    .ARM.Collect$$libinit$$00000033          0x0000014e   Section        2  libinit2.o(.ARM.Collect$$libinit$$00000033)
    .ARM.Collect$$libshutdown$$00000000      0x00000150   Section        2  libshutdown.o(.ARM.Collect$$libshutdown$$00000000)
    .ARM.Collect$$libshutdown$$00000002      0x00000152   Section        0  libshutdown2.o(.ARM.Collect$$libshutdown$$00000002)
    .ARM.Collect$$libshutdown$$00000004      0x00000152   Section        0  libshutdown2.o(.ARM.Collect$$libshutdown$$00000004)
    .ARM.Collect$$libshutdown$$00000007      0x00000152   Section        0  libshutdown2.o(.ARM.Collect$$libshutdown$$00000007)
    .ARM.Collect$$libshutdown$$0000000A      0x00000152   Section        0  libshutdown2.o(.ARM.Collect$$libshutdown$$0000000A)
    .ARM.Collect$$libshutdown$$0000000C      0x00000152   Section        0  libshutdown2.o(.ARM.Collect$$libshutdown$$0000000C)
    .ARM.Collect$$libshutdown$$0000000F      0x00000152   Section        0  libshutdown2.o(.ARM.Collect$$libshutdown$$0000000F)
    .ARM.Collect$$libshutdown$$00000010      0x00000152   Section        2  libshutdown2.o(.ARM.Collect$$libshutdown$$00000010)
    .ARM.Collect$$rtentry$$00000000          0x00000154   Section        0  __rtentry.o(.ARM.Collect$$rtentry$$00000000)
    .ARM.Collect$$rtentry$$00000002          0x00000154   Section        0  __rtentry2.o(.ARM.Collect$$rtentry$$00000002)
    .ARM.Collect$$rtentry$$00000004          0x00000154   Section        6  __rtentry4.o(.ARM.Collect$$rtentry$$00000004)
    .ARM.Collect$$rtentry$$00000009          0x0000015a   Section        0  __rtentry2.o(.ARM.Collect$$rtentry$$00000009)
    .ARM.Collect$$rtentry$$0000000A          0x0000015a   Section        4  __rtentry2.o(.ARM.Collect$$rtentry$$0000000A)
    .ARM.Collect$$rtentry$$0000000C          0x0000015e   Section        0  __rtentry2.o(.ARM.Collect$$rtentry$$0000000C)
    .ARM.Collect$$rtentry$$0000000D          0x0000015e   Section        8  __rtentry2.o(.ARM.Collect$$rtentry$$0000000D)
    .ARM.Collect$$rtexit$$00000000           0x00000166   Section        2  rtexit.o(.ARM.Collect$$rtexit$$00000000)
    .ARM.Collect$$rtexit$$00000002           0x00000168   Section        0  rtexit2.o(.ARM.Collect$$rtexit$$00000002)
    .ARM.Collect$$rtexit$$00000003           0x00000168   Section        4  rtexit2.o(.ARM.Collect$$rtexit$$00000003)
    .ARM.Collect$$rtexit$$00000004           0x0000016c   Section        6  rtexit2.o(.ARM.Collect$$rtexit$$00000004)
    .text                                    0x00000174   Section       52  startup_mkl46z4.o(.text)
    .text                                    0x000001a8   Section        0  noretval__2sprintf.o(.text)
    .text                                    0x000001d0   Section        0  __printf.o(.text)
    .text                                    0x0000023c   Section        0  _printf_dec.o(.text)
    .text                                    0x000002a8   Section        0  heapauxi.o(.text)
    .text                                    0x000002b0   Section        0  d2f.o(.text)
    .text                                    0x0000032c   Section        0  f2d.o(.text)
    .text                                    0x00000380   Section        0  ffixi.o(.text)
    .text                                    0x000003cc   Section        0  _printf_char_common.o(.text)
    _printf_input_char                       0x000003cd   Thumb Code    10  _printf_char_common.o(.text)
    .text                                    0x000003fc   Section        2  use_no_semi.o(.text)
    .text                                    0x000003fe   Section        0  indicate_semi.o(.text)
    i.LCD_IRQHandler                         0x000003fe   Section        0  lcd.o(i.LCD_IRQHandler)
    .ARM.__at_0x400                          0x00000400   Section       16  startup_mkl46z4.o(.ARM.__at_0x400)
    .text                                    0x00000410   Section      346  aeabi_sdiv.o(.text)
    .text                                    0x0000056c   Section        0  daddsub.o(.text)
    _dadd1                                   0x0000056d   Thumb Code   290  daddsub.o(.text)
    _dsub1                                   0x0000068f   Thumb Code   470  daddsub.o(.text)
    .text                                    0x000008c4   Section        0  ddiv.o(.text)
    .text                                    0x00000d0c   Section        0  dmul.o(.text)
    .text                                    0x00000f54   Section        0  fflti.o(.text)
    .text                                    0x00000fb2   Section        0  _printf_intcommon.o(.text)
    .text                                    0x00001062   Section        0  _sputc.o(.text)
    .text                                    0x0000106c   Section        0  rtudiv10.o(.text)
    .text                                    0x00001094   Section        0  dcmpin.o(.text)
    .text                                    0x00001124   Section        0  fcmpin.o(.text)
    .text                                    0x00001188   Section        0  cmpret.o(.text)
    .text                                    0x000011b8   Section        0  dnan2.o(.text)
    .text                                    0x000011cc   Section        0  fnan2.o(.text)
    .text                                    0x000011dc   Section       62  sys_stackheap_outer.o(.text)
    .text                                    0x0000121a   Section        0  exit.o(.text)
    .text                                    0x0000122a   Section        0  retnan.o(.text)
    .text                                    0x00001288   Section        8  libspace.o(.text)
    .text                                    0x00001290   Section        0  sys_exit.o(.text)
    i.DMA0_IRQHandler                        0x0000129c   Section        0  ws2812.o(i.DMA0_IRQHandler)
    i.Delay_ms                               0x00001308   Section        0  systick.o(i.Delay_ms)
    i.GPIO_Config                            0x00001320   Section        0  i2c.o(i.GPIO_Config)
    i.I2C_Disable                            0x00001330   Section        0  i2c.o(i.I2C_Disable)
    i.I2C_Enable                             0x0000133a   Section        0  i2c.o(i.I2C_Enable)
    i.I2C_Init                               0x00001344   Section        0  i2c.o(i.I2C_Init)
    i.I2C_ReadByte                           0x00001350   Section        0  i2c.o(i.I2C_ReadByte)
    i.I2C_Restart                            0x000013b8   Section        0  i2c.o(i.I2C_Restart)
    i.I2C_Start                              0x000013c2   Section        0  i2c.o(i.I2C_Start)
    i.I2C_Stop                               0x000013cc   Section        0  i2c.o(i.I2C_Stop)
    i.I2C_WriteByte                          0x000013f2   Section        0  i2c.o(i.I2C_WriteByte)
    i.LCD_Config                             0x00001420   Section        0  lcd.o(i.LCD_Config)
    i.NVIC_ClearPendingIRQ                   0x0000142c   Section        0  ws2812.o(i.NVIC_ClearPendingIRQ)
    NVIC_ClearPendingIRQ                     0x0000142d   Thumb Code    18  ws2812.o(i.NVIC_ClearPendingIRQ)
    i.NVIC_EnableIRQ                         0x00001444   Section        0  ws2812.o(i.NVIC_EnableIRQ)
    NVIC_EnableIRQ                           0x00001445   Thumb Code    18  ws2812.o(i.NVIC_EnableIRQ)
    i.NVIC_SetPriority                       0x0000145c   Section        0  i2c.o(i.NVIC_SetPriority)
    NVIC_SetPriority                         0x0000145d   Thumb Code   110  i2c.o(i.NVIC_SetPriority)
    i.SLCD_ShowDecimalPointAt                0x000014d4   Section        0  lcd.o(i.SLCD_ShowDecimalPointAt)
    i.SLCD_ShowMinus                         0x0000151c   Section        0  lcd.o(i.SLCD_ShowMinus)
    i.SLCD_ShowText                          0x00001578   Section        0  lcd.o(i.SLCD_ShowText)
    i.SysTick_Handler                        0x000015ec   Section        0  systick.o(i.SysTick_Handler)
    i.SystemCoreClockUpdate                  0x000015fc   Section        0  system_mkl46z4.o(i.SystemCoreClockUpdate)
    i.SystemInit                             0x00001758   Section        0  system_mkl46z4.o(i.SystemInit)
    i.TPM0_IRQHandler                        0x000017c4   Section        0  ws2812.o(i.TPM0_IRQHandler)
    i.__ARM_common_switch8                   0x000017e0   Section        0  system_mkl46z4.o(i.__ARM_common_switch8)
    i.clock_Config                           0x000017fc   Section        0  i2c.o(i.clock_Config)
    i.clock_init                             0x00001860   Section        0  ws2812.o(i.clock_init)
    i.diodes_default                         0x000018a0   Section        0  ws2812.o(i.diodes_default)
    i.dma_data_init                          0x000018bc   Section        0  ws2812.o(i.dma_data_init)
    i.dma_initial                            0x00001924   Section        0  ws2812.o(i.dma_initial)
    i.get_Humidity                           0x00001950   Section        0  hts221.o(i.get_Humidity)
    i.get_Light                              0x000019b0   Section        0  tsl25721.o(i.get_Light)
    i.get_Pressure                           0x00001b68   Section        0  lps331.o(i.get_Pressure)
    i.initialize_pixel_tables                0x00001bc4   Section        0  ws2812.o(i.initialize_pixel_tables)
    i.io_init                                0x00001c00   Section        0  ws2812.o(i.io_init)
    i.main                                   0x00001c34   Section        0  main.o(i.main)
    i.read                                   0x00001d20   Section        0  lps331.o(i.read)
    i.readH                                  0x00001d6c   Section        0  hts221.o(i.readH)
    i.readL                                  0x00001db8   Section        0  tsl25721.o(i.readL)
    i.read_Temperature                       0x00001e08   Section        0  stlm75.o(i.read_Temperature)
    i.set_Active                             0x00001e80   Section        0  lps331.o(i.set_Active)
    i.set_ActiveH                            0x00001ecc   Section        0  hts221.o(i.set_ActiveH)
    i.set_ActiveL                            0x00001f40   Section        0  tsl25721.o(i.set_ActiveL)
    i.set_Color                              0x00002018   Section        0  transf.o(i.set_Color)
    i.set_DataRate                           0x00002148   Section        0  lps331.o(i.set_DataRate)
    i.set_Resolution                         0x00002194   Section        0  lps331.o(i.set_Resolution)
    i.set_ResolutionH                        0x000021d0   Section        0  hts221.o(i.set_ResolutionH)
    i.set_pixel_color                        0x00002208   Section        0  ws2812.o(i.set_pixel_color)
    i.start_DMA                              0x000023b4   Section        0  ws2812.o(i.start_DMA)
    i.tpm_init                               0x00002440   Section        0  ws2812.o(i.tpm_init)
    i.value_Parameter                        0x00002478   Section        0  transf.o(i.value_Parameter)
    i.vfnEnablePins                          0x00002628   Section        0  lcd.o(i.vfnEnablePins)
    i.vfnLCD_All_Segments_OFF                0x000026b8   Section        0  lcd.o(i.vfnLCD_All_Segments_OFF)
    i.vfnLCD_Home                            0x000026e0   Section        0  lcd.o(i.vfnLCD_Home)
    i.vfnLCD_Init                            0x000026ec   Section        0  lcd.o(i.vfnLCD_Init)
    i.vfnLCD_Write_Char                      0x00002760   Section        0  lcd.o(i.vfnLCD_Write_Char)
    i.vfnLCD_interrupt_init                  0x000027cc   Section        0  lcd.o(i.vfnLCD_interrupt_init)
    i.wait_for_dma_done                      0x000027d0   Section        0  ws2812.o(i.wait_for_dma_done)
    x$fpl$drleqf                             0x000027e4   Section      104  drlef.o(x$fpl$drleqf)
    x$fpl$frleqf                             0x0000284c   Section       88  frlef.o(x$fpl$frleqf)
    .constdata                               0x000028a4   Section      128  lcd.o(.constdata)
    x$fpl$usenofp                            0x000028a4   Section        0  usenofp.o(x$fpl$usenofp)
    .constdata                               0x00002924   Section      110  s401.o(.constdata)
    .constdata                               0x00002992   Section      128  ddiv.o(.constdata)
    ddiv_reciptbl                            0x00002992   Data         128  ddiv.o(.constdata)
    .data                                    0x1fffe000   Section      244  lcd.o(.data)
    .data                                    0x1fffe0f4   Section        9  ws2812.o(.data)
    .data                                    0x1fffe100   Section        4  tsl25721.o(.data)
    .data                                    0x1fffe104   Section        4  systick.o(.data)
    .data                                    0x1fffe108   Section        4  system_mkl46z4.o(.data)
    .bss                                     0x1fffe10c   Section     3270  ws2812.o(.bss)
    .bss                                     0x1fffedd4   Section       96  libspace.o(.bss)
    HEAP                                     0x1fffee38   Section        0  startup_mkl46z4.o(HEAP)
    STACK                                    0x1fffee38   Section      256  startup_mkl46z4.o(STACK)
    Heap_Mem                                 0x1fffee38   Data           0  startup_mkl46z4.o(HEAP)
    Stack_Mem                                0x1fffee38   Data         256  startup_mkl46z4.o(STACK)
    __initial_sp                             0x1fffef38   Data           0  startup_mkl46z4.o(STACK)

    Global Symbols

    Symbol Name                              Value     Ov Type        Size  Object(Section)

    BuildAttributes$$THM_ISAv3M$S$PE$A:L22$X:L11$S22$IEEE1$IW$USESV6$~STKCKD$USESV7$~SHL$OSPACE$ROPI$EBA8$UX$STANDARDLIB$REQ8$PRES8$EABIv2 0x00000000   Number         0  anon$$obj.o ABSOLUTE
    __ARM_use_no_argv                        0x00000000   Number         0  main.o ABSOLUTE
    __Vectors                                0x00000000   Data           4  startup_mkl46z4.o(RESET)
    __ARM_exceptions_init                     - Undefined Weak Reference
    __alloca_initialize                       - Undefined Weak Reference
    __arm_preinit_                            - Undefined Weak Reference
    __cpp_initialize__aeabi_                  - Undefined Weak Reference
    __cxa_finalize                            - Undefined Weak Reference
    __rt_locale                               - Undefined Weak Reference
    __sigvec_lookup                           - Undefined Weak Reference
    _atexit_init                              - Undefined Weak Reference
    _call_atexit_fns                          - Undefined Weak Reference
    _clock_init                               - Undefined Weak Reference
    _fp_trap_init                             - Undefined Weak Reference
    _fp_trap_shutdown                         - Undefined Weak Reference
    _get_lc_collate                           - Undefined Weak Reference
    _get_lc_ctype                             - Undefined Weak Reference
    _get_lc_monetary                          - Undefined Weak Reference
    _get_lc_numeric                           - Undefined Weak Reference
    _get_lc_time                              - Undefined Weak Reference
    _getenv_init                              - Undefined Weak Reference
    _handle_redirection                       - Undefined Weak Reference
    _init_alloc                               - Undefined Weak Reference
    _init_user_alloc                          - Undefined Weak Reference
    _initio                                   - Undefined Weak Reference
    _printf_post_padding                      - Undefined Weak Reference
    _printf_pre_padding                       - Undefined Weak Reference
    _printf_truncate_signed                   - Undefined Weak Reference
    _printf_truncate_unsigned                 - Undefined Weak Reference
    _rand_init                                - Undefined Weak Reference
    _signal_finish                            - Undefined Weak Reference
    _signal_init                              - Undefined Weak Reference
    _terminate_alloc                          - Undefined Weak Reference
    _terminate_user_alloc                     - Undefined Weak Reference
    _terminateio                              - Undefined Weak Reference
    __Vectors_End                            0x000000c0   Data           0  startup_mkl46z4.o(RESET)
    __Vectors_Size                           0x000000c0   Number         0  startup_mkl46z4.o ABSOLUTE
    __main                                   0x000000c1   Thumb Code     8  __main.o(!!!main)
    __scatterload                            0x000000c9   Thumb Code     0  __scatter.o(!!!scatter)
    __scatterload_rt2                        0x000000c9   Thumb Code    52  __scatter.o(!!!scatter)
    __scatterload_rt2_thumb_only             0x000000c9   Thumb Code     0  __scatter.o(!!!scatter)
    __scatterload_null                       0x000000d9   Thumb Code     0  __scatter.o(!!!scatter)
    __scatterload_copy                       0x00000105   Thumb Code    26  __scatter_copy.o(!!handler_copy)
    __scatterload_zeroinit                   0x00000121   Thumb Code    28  __scatter_zi.o(!!handler_zi)
    _printf_percent                          0x0000013d   Thumb Code     0  _printf_percent.o(.ARM.Collect$$_printf_percent$$00000000)
    _printf_d                                0x0000013f   Thumb Code     0  _printf_d.o(.ARM.Collect$$_printf_percent$$00000009)
    _printf_percent_end                      0x00000149   Thumb Code     0  _printf_percent_end.o(.ARM.Collect$$_printf_percent$$00000017)
    __rt_lib_init                            0x0000014d   Thumb Code     0  libinit.o(.ARM.Collect$$libinit$$00000000)
    __rt_lib_init_alloca_1                   0x0000014f   Thumb Code     0  libinit2.o(.ARM.Collect$$libinit$$0000002E)
    __rt_lib_init_argv_1                     0x0000014f   Thumb Code     0  libinit2.o(.ARM.Collect$$libinit$$0000002C)
    __rt_lib_init_atexit_1                   0x0000014f   Thumb Code     0  libinit2.o(.ARM.Collect$$libinit$$0000001B)
    __rt_lib_init_clock_1                    0x0000014f   Thumb Code     0  libinit2.o(.ARM.Collect$$libinit$$00000021)
    __rt_lib_init_cpp_1                      0x0000014f   Thumb Code     0  libinit2.o(.ARM.Collect$$libinit$$00000032)
    __rt_lib_init_exceptions_1               0x0000014f   Thumb Code     0  libinit2.o(.ARM.Collect$$libinit$$00000030)
    __rt_lib_init_fp_1                       0x0000014f   Thumb Code     0  libinit2.o(.ARM.Collect$$libinit$$00000002)
    __rt_lib_init_fp_trap_1                  0x0000014f   Thumb Code     0  libinit2.o(.ARM.Collect$$libinit$$0000001F)
    __rt_lib_init_getenv_1                   0x0000014f   Thumb Code     0  libinit2.o(.ARM.Collect$$libinit$$00000023)
    __rt_lib_init_heap_1                     0x0000014f   Thumb Code     0  libinit2.o(.ARM.Collect$$libinit$$0000000A)
    __rt_lib_init_lc_collate_1               0x0000014f   Thumb Code     0  libinit2.o(.ARM.Collect$$libinit$$00000011)
    __rt_lib_init_lc_ctype_1                 0x0000014f   Thumb Code     0  libinit2.o(.ARM.Collect$$libinit$$00000013)
    __rt_lib_init_lc_monetary_1              0x0000014f   Thumb Code     0  libinit2.o(.ARM.Collect$$libinit$$00000015)
    __rt_lib_init_lc_numeric_1               0x0000014f   Thumb Code     0  libinit2.o(.ARM.Collect$$libinit$$00000017)
    __rt_lib_init_lc_time_1                  0x0000014f   Thumb Code     0  libinit2.o(.ARM.Collect$$libinit$$00000019)
    __rt_lib_init_preinit_1                  0x0000014f   Thumb Code     0  libinit2.o(.ARM.Collect$$libinit$$00000004)
    __rt_lib_init_rand_1                     0x0000014f   Thumb Code     0  libinit2.o(.ARM.Collect$$libinit$$0000000E)
    __rt_lib_init_return                     0x0000014f   Thumb Code     0  libinit2.o(.ARM.Collect$$libinit$$00000033)
    __rt_lib_init_signal_1                   0x0000014f   Thumb Code     0  libinit2.o(.ARM.Collect$$libinit$$0000001D)
    __rt_lib_init_stdio_1                    0x0000014f   Thumb Code     0  libinit2.o(.ARM.Collect$$libinit$$00000025)
    __rt_lib_init_user_alloc_1               0x0000014f   Thumb Code     0  libinit2.o(.ARM.Collect$$libinit$$0000000C)
    __rt_lib_shutdown                        0x00000151   Thumb Code     0  libshutdown.o(.ARM.Collect$$libshutdown$$00000000)
    __rt_lib_shutdown_cpp_1                  0x00000153   Thumb Code     0  libshutdown2.o(.ARM.Collect$$libshutdown$$00000002)
    __rt_lib_shutdown_fp_trap_1              0x00000153   Thumb Code     0  libshutdown2.o(.ARM.Collect$$libshutdown$$00000007)
    __rt_lib_shutdown_heap_1                 0x00000153   Thumb Code     0  libshutdown2.o(.ARM.Collect$$libshutdown$$0000000F)
    __rt_lib_shutdown_return                 0x00000153   Thumb Code     0  libshutdown2.o(.ARM.Collect$$libshutdown$$00000010)
    __rt_lib_shutdown_signal_1               0x00000153   Thumb Code     0  libshutdown2.o(.ARM.Collect$$libshutdown$$0000000A)
    __rt_lib_shutdown_stdio_1                0x00000153   Thumb Code     0  libshutdown2.o(.ARM.Collect$$libshutdown$$00000004)
    __rt_lib_shutdown_user_alloc_1           0x00000153   Thumb Code     0  libshutdown2.o(.ARM.Collect$$libshutdown$$0000000C)
    __rt_entry                               0x00000155   Thumb Code     0  __rtentry.o(.ARM.Collect$$rtentry$$00000000)
    __rt_entry_presh_1                       0x00000155   Thumb Code     0  __rtentry2.o(.ARM.Collect$$rtentry$$00000002)
    __rt_entry_sh                            0x00000155   Thumb Code     0  __rtentry4.o(.ARM.Collect$$rtentry$$00000004)
    __rt_entry_li                            0x0000015b   Thumb Code     0  __rtentry2.o(.ARM.Collect$$rtentry$$0000000A)
    __rt_entry_postsh_1                      0x0000015b   Thumb Code     0  __rtentry2.o(.ARM.Collect$$rtentry$$00000009)
    __rt_entry_main                          0x0000015f   Thumb Code     0  __rtentry2.o(.ARM.Collect$$rtentry$$0000000D)
    __rt_entry_postli_1                      0x0000015f   Thumb Code     0  __rtentry2.o(.ARM.Collect$$rtentry$$0000000C)
    __rt_exit                                0x00000167   Thumb Code     0  rtexit.o(.ARM.Collect$$rtexit$$00000000)
    __rt_exit_ls                             0x00000169   Thumb Code     0  rtexit2.o(.ARM.Collect$$rtexit$$00000003)
    __rt_exit_prels_1                        0x00000169   Thumb Code     0  rtexit2.o(.ARM.Collect$$rtexit$$00000002)
    __rt_exit_exit                           0x0000016d   Thumb Code     0  rtexit2.o(.ARM.Collect$$rtexit$$00000004)
    Reset_Handler                            0x00000175   Thumb Code     8  startup_mkl46z4.o(.text)
    NMI_Handler                              0x0000017d   Thumb Code     2  startup_mkl46z4.o(.text)
    HardFault_Handler                        0x0000017f   Thumb Code     2  startup_mkl46z4.o(.text)
    SVC_Handler                              0x00000181   Thumb Code     2  startup_mkl46z4.o(.text)
    PendSV_Handler                           0x00000183   Thumb Code     2  startup_mkl46z4.o(.text)
    ADC0_IRQHandler                          0x00000187   Thumb Code     0  startup_mkl46z4.o(.text)
    CMP0_IRQHandler                          0x00000187   Thumb Code     0  startup_mkl46z4.o(.text)
    DAC0_IRQHandler                          0x00000187   Thumb Code     0  startup_mkl46z4.o(.text)
    DMA1_IRQHandler                          0x00000187   Thumb Code     0  startup_mkl46z4.o(.text)
    DMA2_IRQHandler                          0x00000187   Thumb Code     0  startup_mkl46z4.o(.text)
    DMA3_IRQHandler                          0x00000187   Thumb Code     0  startup_mkl46z4.o(.text)
    DefaultISR                               0x00000187   Thumb Code     0  startup_mkl46z4.o(.text)
    FTFA_IRQHandler                          0x00000187   Thumb Code     0  startup_mkl46z4.o(.text)
    I2C0_IRQHandler                          0x00000187   Thumb Code     0  startup_mkl46z4.o(.text)
    I2C1_IRQHandler                          0x00000187   Thumb Code     0  startup_mkl46z4.o(.text)
    I2S0_IRQHandler                          0x00000187   Thumb Code     0  startup_mkl46z4.o(.text)
    LLW_IRQHandler                           0x00000187   Thumb Code     0  startup_mkl46z4.o(.text)
    LPTimer_IRQHandler                       0x00000187   Thumb Code     0  startup_mkl46z4.o(.text)
    LVD_LVW_IRQHandler                       0x00000187   Thumb Code     0  startup_mkl46z4.o(.text)
    MCG_IRQHandler                           0x00000187   Thumb Code     0  startup_mkl46z4.o(.text)
    PIT_IRQHandler                           0x00000187   Thumb Code     0  startup_mkl46z4.o(.text)
    PORTA_IRQHandler                         0x00000187   Thumb Code     0  startup_mkl46z4.o(.text)
    PORTC_PORTD_IRQHandler                   0x00000187   Thumb Code     0  startup_mkl46z4.o(.text)
    RTC_IRQHandler                           0x00000187   Thumb Code     0  startup_mkl46z4.o(.text)
    RTC_Seconds_IRQHandler                   0x00000187   Thumb Code     0  startup_mkl46z4.o(.text)
    Reserved20_IRQHandler                    0x00000187   Thumb Code     0  startup_mkl46z4.o(.text)
    SPI0_IRQHandler                          0x00000187   Thumb Code     0  startup_mkl46z4.o(.text)
    SPI1_IRQHandler                          0x00000187   Thumb Code     0  startup_mkl46z4.o(.text)
    TPM1_IRQHandler                          0x00000187   Thumb Code     0  startup_mkl46z4.o(.text)
    TPM2_IRQHandler                          0x00000187   Thumb Code     0  startup_mkl46z4.o(.text)
    TSI0_IRQHandler                          0x00000187   Thumb Code     0  startup_mkl46z4.o(.text)
    UART0_IRQHandler                         0x00000187   Thumb Code     0  startup_mkl46z4.o(.text)
    UART1_IRQHandler                         0x00000187   Thumb Code     0  startup_mkl46z4.o(.text)
    UART2_IRQHandler                         0x00000187   Thumb Code     0  startup_mkl46z4.o(.text)
    USB0_IRQHandler                          0x00000187   Thumb Code     0  startup_mkl46z4.o(.text)
    __user_initial_stackheap                 0x00000189   Thumb Code     0  startup_mkl46z4.o(.text)
    __2sprintf                               0x000001a9   Thumb Code    36  noretval__2sprintf.o(.text)
    __printf                                 0x000001d1   Thumb Code   108  __printf.o(.text)
    _printf_int_dec                          0x0000023d   Thumb Code    90  _printf_dec.o(.text)
    __use_two_region_memory                  0x000002a9   Thumb Code     2  heapauxi.o(.text)
    __rt_heap_escrow$2region                 0x000002ab   Thumb Code     2  heapauxi.o(.text)
    __rt_heap_expand$2region                 0x000002ad   Thumb Code     2  heapauxi.o(.text)
    __aeabi_d2f                              0x000002b1   Thumb Code     0  d2f.o(.text)
    _d2f                                     0x000002b1   Thumb Code   120  d2f.o(.text)
    __aeabi_f2d                              0x0000032d   Thumb Code     0  f2d.o(.text)
    _f2d                                     0x0000032d   Thumb Code    80  f2d.o(.text)
    __aeabi_f2iz                             0x00000381   Thumb Code     0  ffixi.o(.text)
    _ffix                                    0x00000381   Thumb Code    76  ffixi.o(.text)
    _printf_char_common                      0x000003d7   Thumb Code    32  _printf_char_common.o(.text)
    __I$use$semihosting                      0x000003fd   Thumb Code     0  use_no_semi.o(.text)
    __use_no_semihosting_swi                 0x000003fd   Thumb Code     2  use_no_semi.o(.text)
    LCD_IRQHandler                           0x000003ff   Thumb Code     2  lcd.o(i.LCD_IRQHandler)
    __semihosting_library_function           0x000003ff   Thumb Code     0  indicate_semi.o(.text)
    __aeabi_uidiv                            0x00000411   Thumb Code     0  aeabi_sdiv.o(.text)
    __aeabi_uidivmod                         0x00000411   Thumb Code    20  aeabi_sdiv.o(.text)
    __aeabi_idiv                             0x00000425   Thumb Code     0  aeabi_sdiv.o(.text)
    __aeabi_idivmod                          0x00000425   Thumb Code   326  aeabi_sdiv.o(.text)
    __aeabi_dadd                             0x00000865   Thumb Code     0  daddsub.o(.text)
    _dadd                                    0x00000865   Thumb Code    26  daddsub.o(.text)
    __aeabi_dsub                             0x0000087f   Thumb Code     0  daddsub.o(.text)
    _dsub                                    0x0000087f   Thumb Code    22  daddsub.o(.text)
    __aeabi_drsub                            0x00000895   Thumb Code     0  daddsub.o(.text)
    _drsb                                    0x00000895   Thumb Code    28  daddsub.o(.text)
    __aeabi_ddiv                             0x000008c5   Thumb Code     0  ddiv.o(.text)
    _ddiv                                    0x000008c5   Thumb Code  1072  ddiv.o(.text)
    _drdiv                                   0x00000cf5   Thumb Code    20  ddiv.o(.text)
    __aeabi_dmul                             0x00000d0d   Thumb Code     0  dmul.o(.text)
    _dmul                                    0x00000d0d   Thumb Code   558  dmul.o(.text)
    __aeabi_i2f_normalise                    0x00000f55   Thumb Code    72  fflti.o(.text)
    __aeabi_i2f                              0x00000f9d   Thumb Code    16  fflti.o(.text)
    _fflt                                    0x00000f9d   Thumb Code     0  fflti.o(.text)
    __aeabi_ui2f                             0x00000fad   Thumb Code     6  fflti.o(.text)
    _ffltu                                   0x00000fad   Thumb Code     0  fflti.o(.text)
    _printf_int_common                       0x00000fb3   Thumb Code   176  _printf_intcommon.o(.text)
    _sputc                                   0x00001063   Thumb Code    10  _sputc.o(.text)
    __rt_udiv10                              0x0000106d   Thumb Code    40  rtudiv10.o(.text)
    __fpl_dcmp_InfNaN                        0x00001095   Thumb Code   140  dcmpin.o(.text)
    __fpl_fcmp_InfNaN                        0x00001125   Thumb Code    96  fcmpin.o(.text)
    __fpl_cmpreturn                          0x00001189   Thumb Code    46  cmpret.o(.text)
    __fpl_dcheck_NaN2                        0x000011b9   Thumb Code    14  dnan2.o(.text)
    __fpl_fcheck_NaN2                        0x000011cd   Thumb Code    10  fnan2.o(.text)
    __user_setup_stackheap                   0x000011dd   Thumb Code    62  sys_stackheap_outer.o(.text)
    exit                                     0x0000121b   Thumb Code    16  exit.o(.text)
    __fpl_return_NaN                         0x0000122b   Thumb Code    94  retnan.o(.text)
    __user_libspace                          0x00001289   Thumb Code     8  libspace.o(.text)
    __user_perproc_libspace                  0x00001289   Thumb Code     0  libspace.o(.text)
    __user_perthread_libspace                0x00001289   Thumb Code     0  libspace.o(.text)
    _sys_exit                                0x00001291   Thumb Code     8  sys_exit.o(.text)
    DMA0_IRQHandler                          0x0000129d   Thumb Code    94  ws2812.o(i.DMA0_IRQHandler)
    Delay_ms                                 0x00001309   Thumb Code    18  systick.o(i.Delay_ms)
    GPIO_Config                              0x00001321   Thumb Code    12  i2c.o(i.GPIO_Config)
    I2C_Disable                              0x00001331   Thumb Code    10  i2c.o(i.I2C_Disable)
    I2C_Enable                               0x0000133b   Thumb Code    10  i2c.o(i.I2C_Enable)
    I2C_Init                                 0x00001345   Thumb Code     8  i2c.o(i.I2C_Init)
    I2C_ReadByte                             0x00001351   Thumb Code   104  i2c.o(i.I2C_ReadByte)
    I2C_Restart                              0x000013b9   Thumb Code    10  i2c.o(i.I2C_Restart)
    I2C_Start                                0x000013c3   Thumb Code    10  i2c.o(i.I2C_Start)
    I2C_Stop                                 0x000013cd   Thumb Code    38  i2c.o(i.I2C_Stop)
    I2C_WriteByte                            0x000013f3   Thumb Code    46  i2c.o(i.I2C_WriteByte)
    LCD_Config                               0x00001421   Thumb Code    12  lcd.o(i.LCD_Config)
    SLCD_ShowDecimalPointAt                  0x000014d5   Thumb Code    66  lcd.o(i.SLCD_ShowDecimalPointAt)
    SLCD_ShowMinus                           0x0000151d   Thumb Code    88  lcd.o(i.SLCD_ShowMinus)
    SLCD_ShowText                            0x00001579   Thumb Code   114  lcd.o(i.SLCD_ShowText)
    SysTick_Handler                          0x000015ed   Thumb Code    12  systick.o(i.SysTick_Handler)
    SystemCoreClockUpdate                    0x000015fd   Thumb Code   320  system_mkl46z4.o(i.SystemCoreClockUpdate)
    SystemInit                               0x00001759   Thumb Code    94  system_mkl46z4.o(i.SystemInit)
    TPM0_IRQHandler                          0x000017c5   Thumb Code    18  ws2812.o(i.TPM0_IRQHandler)
    __ARM_common_switch8                     0x000017e1   Thumb Code    28  system_mkl46z4.o(i.__ARM_common_switch8)
    clock_Config                             0x000017fd   Thumb Code    84  i2c.o(i.clock_Config)
    clock_init                               0x00001861   Thumb Code    56  ws2812.o(i.clock_init)
    diodes_default                           0x000018a1   Thumb Code    28  ws2812.o(i.diodes_default)
    dma_data_init                            0x000018bd   Thumb Code    92  ws2812.o(i.dma_data_init)
    dma_initial                              0x00001925   Thumb Code    38  ws2812.o(i.dma_initial)
    get_Humidity                             0x00001951   Thumb Code    96  hts221.o(i.get_Humidity)
    get_Light                                0x000019b1   Thumb Code   400  tsl25721.o(i.get_Light)
    get_Pressure                             0x00001b69   Thumb Code    92  lps331.o(i.get_Pressure)
    initialize_pixel_tables                  0x00001bc5   Thumb Code    46  ws2812.o(i.initialize_pixel_tables)
    io_init                                  0x00001c01   Thumb Code    38  ws2812.o(i.io_init)
    main                                     0x00001c35   Thumb Code   230  main.o(i.main)
    read                                     0x00001d21   Thumb Code    72  lps331.o(i.read)
    readH                                    0x00001d6d   Thumb Code    72  hts221.o(i.readH)
    readL                                    0x00001db9   Thumb Code    76  tsl25721.o(i.readL)
    read_Temperature                         0x00001e09   Thumb Code   116  stlm75.o(i.read_Temperature)
    set_Active                               0x00001e81   Thumb Code    72  lps331.o(i.set_Active)
    set_ActiveH                              0x00001ecd   Thumb Code   112  hts221.o(i.set_ActiveH)
    set_ActiveL                              0x00001f41   Thumb Code   208  tsl25721.o(i.set_ActiveL)
    set_Color                                0x00002019   Thumb Code   304  transf.o(i.set_Color)
    set_DataRate                             0x00002149   Thumb Code    72  lps331.o(i.set_DataRate)
    set_Resolution                           0x00002195   Thumb Code    56  lps331.o(i.set_Resolution)
    set_ResolutionH                          0x000021d1   Thumb Code    52  hts221.o(i.set_ResolutionH)
    set_pixel_color                          0x00002209   Thumb Code   418  ws2812.o(i.set_pixel_color)
    start_DMA                                0x000023b5   Thumb Code   104  ws2812.o(i.start_DMA)
    tpm_init                                 0x00002441   Thumb Code    52  ws2812.o(i.tpm_init)
    value_Parameter                          0x00002479   Thumb Code   432  transf.o(i.value_Parameter)
    vfnEnablePins                            0x00002629   Thumb Code   132  lcd.o(i.vfnEnablePins)
    vfnLCD_All_Segments_OFF                  0x000026b9   Thumb Code    30  lcd.o(i.vfnLCD_All_Segments_OFF)
    vfnLCD_Home                              0x000026e1   Thumb Code     8  lcd.o(i.vfnLCD_Home)
    vfnLCD_Init                              0x000026ed   Thumb Code    86  lcd.o(i.vfnLCD_Init)
    vfnLCD_Write_Char                        0x00002761   Thumb Code    90  lcd.o(i.vfnLCD_Write_Char)
    vfnLCD_interrupt_init                    0x000027cd   Thumb Code     2  lcd.o(i.vfnLCD_interrupt_init)
    wait_for_dma_done                        0x000027d1   Thumb Code    14  ws2812.o(i.wait_for_dma_done)
    __aeabi_cdrcmple                         0x000027e5   Thumb Code     0  drlef.o(x$fpl$drleqf)
    _drcmple                                 0x000027e5   Thumb Code   100  drlef.o(x$fpl$drleqf)
    __aeabi_cfrcmple                         0x0000284d   Thumb Code     0  frlef.o(x$fpl$frleqf)
    _frcmple                                 0x0000284d   Thumb Code    84  frlef.o(x$fpl$frleqf)
    MASK_BIT                                 0x000028a4   Data         128  lcd.o(.constdata)
    __I$use$fp                               0x000028a4   Number         0  usenofp.o(x$fpl$usenofp)
    WF_ORDERING_TABLE                        0x00002924   Data          12  s401.o(.constdata)
    ASCII_TO_WF_CODIFICATION_TABLE           0x00002930   Data          98  s401.o(.constdata)
    Region$$Table$$Base                      0x00002a14   Number         0  anon$$obj.o(Region$$Table)
    Region$$Table$$Limit                     0x00002a34   Number         0  anon$$obj.o(Region$$Table)
    bLCD_CharPosition                        0x1fffe000   Data           1  lcd.o(.data)
    lcd_alternate_mode                       0x1fffe001   Data           1  lcd.o(.data)
    bflgLCD_Scroll                           0x1fffe002   Data           1  lcd.o(.data)
    LCD_TO_PORT                              0x1fffe004   Data         240  lcd.o(.data)
    num_LEDs                                 0x1fffe0f4   Data           2  ws2812.o(.data)
    pin_mask                                 0x1fffe0f8   Data           4  ws2812.o(.data)
    dma_done                                 0x1fffe0fc   Data           1  ws2812.o(.data)
    gain_val                                 0x1fffe100   Data           4  tsl25721.o(.data)
    msTicks                                  0x1fffe104   Data           4  systick.o(.data)
    SystemCoreClock                          0x1fffe108   Data           4  system_mkl46z4.o(.data)
    pixel_table                              0x1fffe10c   Data         192  ws2812.o(.bss)
    dma_data                                 0x1fffe1cc   Data        3078  ws2812.o(.bss)
    __libspace_start                         0x1fffedd4   Data          96  libspace.o(.bss)
    __temporary_stack_top$libspace           0x1fffee34   Data           0  libspace.o(.bss)



==============================================================================

Memory Map of the image

  Image Entry point : 0x00000175

  Load Region LR_1 (Base: 0x00000000, Size: 0x00002b40, Max: 0xffffffff, ABSOLUTE)

    Execution Region ER_RO (Base: 0x00000000, Size: 0x00002a34, Max: 0xffffffff, ABSOLUTE)

    Base Addr    Size         Type   Attr      Idx    E Section Name        Object

    0x00000000   0x000000c0   Data   RO          658    RESET               startup_mkl46z4.o
    0x000000c0   0x00000008   Code   RO          738  * !!!main             c_p.l(__main.o)
    0x000000c8   0x0000003c   Code   RO          950    !!!scatter          c_p.l(__scatter.o)
    0x00000104   0x0000001a   Code   RO          952    !!handler_copy      c_p.l(__scatter_copy.o)
    0x0000011e   0x00000002   PAD
    0x00000120   0x0000001c   Code   RO          954    !!handler_zi        c_p.l(__scatter_zi.o)
    0x0000013c   0x00000002   Code   RO          731    .ARM.Collect$$_printf_percent$$00000000  c_p.l(_printf_percent.o)
    0x0000013e   0x0000000a   Code   RO          730    .ARM.Collect$$_printf_percent$$00000009  c_p.l(_printf_d.o)
    0x00000148   0x00000004   Code   RO          770    .ARM.Collect$$_printf_percent$$00000017  c_p.l(_printf_percent_end.o)
    0x0000014c   0x00000002   Code   RO          817    .ARM.Collect$$libinit$$00000000  c_p.l(libinit.o)
    0x0000014e   0x00000000   Code   RO          833    .ARM.Collect$$libinit$$00000002  c_p.l(libinit2.o)
    0x0000014e   0x00000000   Code   RO          835    .ARM.Collect$$libinit$$00000004  c_p.l(libinit2.o)
    0x0000014e   0x00000000   Code   RO          838    .ARM.Collect$$libinit$$0000000A  c_p.l(libinit2.o)
    0x0000014e   0x00000000   Code   RO          840    .ARM.Collect$$libinit$$0000000C  c_p.l(libinit2.o)
    0x0000014e   0x00000000   Code   RO          842    .ARM.Collect$$libinit$$0000000E  c_p.l(libinit2.o)
    0x0000014e   0x00000000   Code   RO          845    .ARM.Collect$$libinit$$00000011  c_p.l(libinit2.o)
    0x0000014e   0x00000000   Code   RO          847    .ARM.Collect$$libinit$$00000013  c_p.l(libinit2.o)
    0x0000014e   0x00000000   Code   RO          849    .ARM.Collect$$libinit$$00000015  c_p.l(libinit2.o)
    0x0000014e   0x00000000   Code   RO          851    .ARM.Collect$$libinit$$00000017  c_p.l(libinit2.o)
    0x0000014e   0x00000000   Code   RO          853    .ARM.Collect$$libinit$$00000019  c_p.l(libinit2.o)
    0x0000014e   0x00000000   Code   RO          855    .ARM.Collect$$libinit$$0000001B  c_p.l(libinit2.o)
    0x0000014e   0x00000000   Code   RO          857    .ARM.Collect$$libinit$$0000001D  c_p.l(libinit2.o)
    0x0000014e   0x00000000   Code   RO          859    .ARM.Collect$$libinit$$0000001F  c_p.l(libinit2.o)
    0x0000014e   0x00000000   Code   RO          861    .ARM.Collect$$libinit$$00000021  c_p.l(libinit2.o)
    0x0000014e   0x00000000   Code   RO          863    .ARM.Collect$$libinit$$00000023  c_p.l(libinit2.o)
    0x0000014e   0x00000000   Code   RO          865    .ARM.Collect$$libinit$$00000025  c_p.l(libinit2.o)
    0x0000014e   0x00000000   Code   RO          869    .ARM.Collect$$libinit$$0000002C  c_p.l(libinit2.o)
    0x0000014e   0x00000000   Code   RO          871    .ARM.Collect$$libinit$$0000002E  c_p.l(libinit2.o)
    0x0000014e   0x00000000   Code   RO          873    .ARM.Collect$$libinit$$00000030  c_p.l(libinit2.o)
    0x0000014e   0x00000000   Code   RO          875    .ARM.Collect$$libinit$$00000032  c_p.l(libinit2.o)
    0x0000014e   0x00000002   Code   RO          876    .ARM.Collect$$libinit$$00000033  c_p.l(libinit2.o)
    0x00000150   0x00000002   Code   RO          907    .ARM.Collect$$libshutdown$$00000000  c_p.l(libshutdown.o)
    0x00000152   0x00000000   Code   RO          933    .ARM.Collect$$libshutdown$$00000002  c_p.l(libshutdown2.o)
    0x00000152   0x00000000   Code   RO          935    .ARM.Collect$$libshutdown$$00000004  c_p.l(libshutdown2.o)
    0x00000152   0x00000000   Code   RO          938    .ARM.Collect$$libshutdown$$00000007  c_p.l(libshutdown2.o)
    0x00000152   0x00000000   Code   RO          941    .ARM.Collect$$libshutdown$$0000000A  c_p.l(libshutdown2.o)
    0x00000152   0x00000000   Code   RO          943    .ARM.Collect$$libshutdown$$0000000C  c_p.l(libshutdown2.o)
    0x00000152   0x00000000   Code   RO          946    .ARM.Collect$$libshutdown$$0000000F  c_p.l(libshutdown2.o)
    0x00000152   0x00000002   Code   RO          947    .ARM.Collect$$libshutdown$$00000010  c_p.l(libshutdown2.o)
    0x00000154   0x00000000   Code   RO          759    .ARM.Collect$$rtentry$$00000000  c_p.l(__rtentry.o)
    0x00000154   0x00000000   Code   RO          779    .ARM.Collect$$rtentry$$00000002  c_p.l(__rtentry2.o)
    0x00000154   0x00000006   Code   RO          791    .ARM.Collect$$rtentry$$00000004  c_p.l(__rtentry4.o)
    0x0000015a   0x00000000   Code   RO          781    .ARM.Collect$$rtentry$$00000009  c_p.l(__rtentry2.o)
    0x0000015a   0x00000004   Code   RO          782    .ARM.Collect$$rtentry$$0000000A  c_p.l(__rtentry2.o)
    0x0000015e   0x00000000   Code   RO          784    .ARM.Collect$$rtentry$$0000000C  c_p.l(__rtentry2.o)
    0x0000015e   0x00000008   Code   RO          785    .ARM.Collect$$rtentry$$0000000D  c_p.l(__rtentry2.o)
    0x00000166   0x00000002   Code   RO          824    .ARM.Collect$$rtexit$$00000000  c_p.l(rtexit.o)
    0x00000168   0x00000000   Code   RO          880    .ARM.Collect$$rtexit$$00000002  c_p.l(rtexit2.o)
    0x00000168   0x00000004   Code   RO          881    .ARM.Collect$$rtexit$$00000003  c_p.l(rtexit2.o)
    0x0000016c   0x00000006   Code   RO          882    .ARM.Collect$$rtexit$$00000004  c_p.l(rtexit2.o)
    0x00000172   0x00000002   PAD
    0x00000174   0x00000034   Code   RO          660  * .text               startup_mkl46z4.o
    0x000001a8   0x00000028   Code   RO          704    .text               c_p.l(noretval__2sprintf.o)
    0x000001d0   0x0000006c   Code   RO          706    .text               c_p.l(__printf.o)
    0x0000023c   0x0000006c   Code   RO          708    .text               c_p.l(_printf_dec.o)
    0x000002a8   0x00000006   Code   RO          736    .text               c_p.l(heapauxi.o)
    0x000002ae   0x00000002   PAD
    0x000002b0   0x0000007c   Code   RO          740    .text               fz_ps.l(d2f.o)
    0x0000032c   0x00000054   Code   RO          751    .text               fz_ps.l(f2d.o)
    0x00000380   0x0000004c   Code   RO          753    .text               fz_ps.l(ffixi.o)
    0x000003cc   0x00000030   Code   RO          766    .text               c_p.l(_printf_char_common.o)
    0x000003fc   0x00000002   Code   RO          896    .text               c_p.l(use_no_semi.o)
    0x000003fe   0x00000000   Code   RO          898    .text               c_p.l(indicate_semi.o)
    0x000003fe   0x00000002   Code   RO          167    i.LCD_IRQHandler    lcd.o
    0x00000400   0x00000010   Code   RO          659    .ARM.__at_0x400     startup_mkl46z4.o
    0x00000410   0x0000015a   Code   RO          732    .text               c_p.l(aeabi_sdiv.o)
    0x0000056a   0x00000002   PAD
    0x0000056c   0x00000358   Code   RO          742    .text               fz_ps.l(daddsub.o)
    0x000008c4   0x00000448   Code   RO          744    .text               fz_ps.l(ddiv.o)
    0x00000d0c   0x00000248   Code   RO          747    .text               fz_ps.l(dmul.o)
    0x00000f54   0x0000005e   Code   RO          755    .text               fz_ps.l(fflti.o)
    0x00000fb2   0x000000b0   Code   RO          764    .text               c_p.l(_printf_intcommon.o)
    0x00001062   0x0000000a   Code   RO          768    .text               c_p.l(_sputc.o)
    0x0000106c   0x00000028   Code   RO          771    .text               c_p.l(rtudiv10.o)
    0x00001094   0x00000090   Code   RO          773    .text               fz_ps.l(dcmpin.o)
    0x00001124   0x00000064   Code   RO          775    .text               fz_ps.l(fcmpin.o)
    0x00001188   0x0000002e   Code   RO          797    .text               fz_ps.l(cmpret.o)
    0x000011b6   0x00000002   PAD
    0x000011b8   0x00000014   Code   RO          799    .text               fz_ps.l(dnan2.o)
    0x000011cc   0x00000010   Code   RO          801    .text               fz_ps.l(fnan2.o)
    0x000011dc   0x0000003e   Code   RO          803    .text               c_p.l(sys_stackheap_outer.o)
    0x0000121a   0x00000010   Code   RO          806    .text               c_p.l(exit.o)
    0x0000122a   0x0000005e   Code   RO          818    .text               fz_ps.l(retnan.o)
    0x00001288   0x00000008   Code   RO          820    .text               c_p.l(libspace.o)
    0x00001290   0x0000000c   Code   RO          877    .text               c_p.l(sys_exit.o)
    0x0000129c   0x0000006c   Code   RO          382    i.DMA0_IRQHandler   ws2812.o
    0x00001308   0x00000018   Code   RO          629    i.Delay_ms          systick.o
    0x00001320   0x00000010   Code   RO           83    i.GPIO_Config       i2c.o
    0x00001330   0x0000000a   Code   RO           84    i.I2C_Disable       i2c.o
    0x0000133a   0x0000000a   Code   RO           85    i.I2C_Enable        i2c.o
    0x00001344   0x0000000c   Code   RO           86    i.I2C_Init          i2c.o
    0x00001350   0x00000068   Code   RO           87    i.I2C_ReadByte      i2c.o
    0x000013b8   0x0000000a   Code   RO           88    i.I2C_Restart       i2c.o
    0x000013c2   0x0000000a   Code   RO           89    i.I2C_Start         i2c.o
    0x000013cc   0x00000026   Code   RO           90    i.I2C_Stop          i2c.o
    0x000013f2   0x0000002e   Code   RO           91    i.I2C_WriteByte     i2c.o
    0x00001420   0x0000000c   Code   RO          166    i.LCD_Config        lcd.o
    0x0000142c   0x00000018   Code   RO          383    i.NVIC_ClearPendingIRQ  ws2812.o
    0x00001444   0x00000018   Code   RO          384    i.NVIC_EnableIRQ    ws2812.o
    0x0000145c   0x00000078   Code   RO           92    i.NVIC_SetPriority  i2c.o
    0x000014d4   0x00000048   Code   RO          172    i.SLCD_ShowDecimalPointAt  lcd.o
    0x0000151c   0x0000005c   Code   RO          173    i.SLCD_ShowMinus    lcd.o
    0x00001578   0x00000072   Code   RO          174    i.SLCD_ShowText     lcd.o
    0x000015ea   0x00000002   PAD
    0x000015ec   0x00000010   Code   RO          630    i.SysTick_Handler   systick.o
    0x000015fc   0x0000015c   Code   RO          668    i.SystemCoreClockUpdate  system_mkl46z4.o
    0x00001758   0x0000006c   Code   RO          669    i.SystemInit        system_mkl46z4.o
    0x000017c4   0x0000001c   Code   RO          385    i.TPM0_IRQHandler   ws2812.o
    0x000017e0   0x0000001c   Code   RO          692    i.__ARM_common_switch8  system_mkl46z4.o
    0x000017fc   0x00000064   Code   RO           93    i.clock_Config      i2c.o
    0x00001860   0x00000040   Code   RO          386    i.clock_init        ws2812.o
    0x000018a0   0x0000001c   Code   RO          387    i.diodes_default    ws2812.o
    0x000018bc   0x00000068   Code   RO          388    i.dma_data_init     ws2812.o
    0x00001924   0x0000002c   Code   RO          389    i.dma_initial       ws2812.o
    0x00001950   0x00000060   Code   RO          530    i.get_Humidity      hts221.o
    0x000019b0   0x000001b8   Code   RO          568    i.get_Light         tsl25721.o
    0x00001b68   0x0000005c   Code   RO          486    i.get_Pressure      lps331.o
    0x00001bc4   0x0000003c   Code   RO          390    i.initialize_pixel_tables  ws2812.o
    0x00001c00   0x00000034   Code   RO          391    i.io_init           ws2812.o
    0x00001c34   0x000000ec   Code   RO            3    i.main              main.o
    0x00001d20   0x0000004c   Code   RO          487    i.read              lps331.o
    0x00001d6c   0x0000004c   Code   RO          531    i.readH             hts221.o
    0x00001db8   0x00000050   Code   RO          569    i.readL             tsl25721.o
    0x00001e08   0x00000078   Code   RO          356    i.read_Temperature  stlm75.o
    0x00001e80   0x0000004c   Code   RO          488    i.set_Active        lps331.o
    0x00001ecc   0x00000074   Code   RO          532    i.set_ActiveH       hts221.o
    0x00001f40   0x000000d8   Code   RO          570    i.set_ActiveL       tsl25721.o
    0x00002018   0x00000130   Code   RO          603    i.set_Color         transf.o
    0x00002148   0x0000004c   Code   RO          489    i.set_DataRate      lps331.o
    0x00002194   0x0000003c   Code   RO          490    i.set_Resolution    lps331.o
    0x000021d0   0x00000038   Code   RO          533    i.set_ResolutionH   hts221.o
    0x00002208   0x000001ac   Code   RO          392    i.set_pixel_color   ws2812.o
    0x000023b4   0x0000008c   Code   RO          393    i.start_DMA         ws2812.o
    0x00002440   0x00000038   Code   RO          394    i.tpm_init          ws2812.o
    0x00002478   0x000001b0   Code   RO          604    i.value_Parameter   transf.o
    0x00002628   0x00000090   Code   RO          178    i.vfnEnablePins     lcd.o
    0x000026b8   0x00000028   Code   RO          180    i.vfnLCD_All_Segments_OFF  lcd.o
    0x000026e0   0x0000000c   Code   RO          183    i.vfnLCD_Home       lcd.o
    0x000026ec   0x00000074   Code   RO          184    i.vfnLCD_Init       lcd.o
    0x00002760   0x0000006c   Code   RO          185    i.vfnLCD_Write_Char  lcd.o
    0x000027cc   0x00000002   Code   RO          188    i.vfnLCD_interrupt_init  lcd.o
    0x000027ce   0x00000002   PAD
    0x000027d0   0x00000014   Code   RO          395    i.wait_for_dma_done  ws2812.o
    0x000027e4   0x00000068   Code   RO          749    x$fpl$drleqf        fz_ps.l(drlef.o)
    0x0000284c   0x00000058   Code   RO          757    x$fpl$frleqf        fz_ps.l(frlef.o)
    0x000028a4   0x00000000   Code   RO          777    x$fpl$usenofp       fz_ps.l(usenofp.o)
    0x000028a4   0x00000080   Data   RO          191    .constdata          lcd.o
    0x00002924   0x0000006e   Data   RO          342    .constdata          s401.o
    0x00002992   0x00000080   Data   RO          745    .constdata          fz_ps.l(ddiv.o)
    0x00002a12   0x00000002   PAD
    0x00002a14   0x00000020   Data   RO          948    Region$$Table       anon$$obj.o


    Execution Region ER_RW (Base: 0x1fffe000, Size: 0x0000010c, Max: 0xffffffff, ABSOLUTE)

    Base Addr    Size         Type   Attr      Idx    E Section Name        Object

    0x1fffe000   0x000000f4   Data   RW          192    .data               lcd.o
    0x1fffe0f4   0x00000009   Data   RW          398    .data               ws2812.o
    0x1fffe0fd   0x00000003   PAD
    0x1fffe100   0x00000004   Data   RW          571    .data               tsl25721.o
    0x1fffe104   0x00000004   Data   RW          631    .data               systick.o
    0x1fffe108   0x00000004   Data   RW          670    .data               system_mkl46z4.o


    Execution Region ER_ZI (Base: 0x1fffe10c, Size: 0x00000e2c, Max: 0xffffffff, ABSOLUTE)

    Base Addr    Size         Type   Attr      Idx    E Section Name        Object

    0x1fffe10c   0x00000cc6   Zero   RW          396    .bss                ws2812.o
    0x1fffedd2   0x00000002   PAD
    0x1fffedd4   0x00000060   Zero   RW          821    .bss                c_p.l(libspace.o)
    0x1fffee34   0x00000004   PAD
    0x1fffee38   0x00000000   Zero   RW          657    HEAP                startup_mkl46z4.o
    0x1fffee38   0x00000100   Zero   RW          656    STACK               startup_mkl46z4.o


==============================================================================

Image component sizes


      Code (inc. data)   RO Data    RW Data    ZI Data      Debug   Object Name

       344         12          0          0          0       1971   hts221.o
       476         34          0          0          0      12063   i2c.o
       714         84        128        244          0       6100   lcd.o
       380         16          0          0          0       2623   lps331.o
       236          6          0          0          0     141635   main.o
         0          0        110          0          0        583   s401.o
        68         38        192          0        256        896   startup_mkl46z4.o
       120          4          0          0          0        523   stlm75.o
       484         52          0          4          0       1611   system_mkl46z4.o
        40         10          0          4          0       1399   systick.o
       736          0          0          0          0       2046   transf.o
       736         52          0          4          0       2177   tsl25721.o
      1180        146          0          9       3270      14928   ws2812.o

    ----------------------------------------------------------------------
      5518        454        462        268       3528     188555   Object Totals
         0          0         32          0          0          0   (incl. Generated)
         4          0          0          3          2          0   (incl. Padding)

    ----------------------------------------------------------------------

      Code (inc. data)   RO Data    RW Data    ZI Data      Debug   Library Member Name

         8          0          0          0          0         68   __main.o
       108          0          0          0          0         76   __printf.o
         0          0          0          0          0          0   __rtentry.o
        12          0          0          0          0          0   __rtentry2.o
         6          0          0          0          0          0   __rtentry4.o
        60          8          0          0          0          0   __scatter.o
        26          0          0          0          0          0   __scatter_copy.o
        28          0          0          0          0          0   __scatter_zi.o
        48          6          0          0          0         88   _printf_char_common.o
        10          0          0          0          0          0   _printf_d.o
       108         18          0          0          0         76   _printf_dec.o
       176          0          0          0          0         84   _printf_intcommon.o
         2          0          0          0          0          0   _printf_percent.o
         4          0          0          0          0          0   _printf_percent_end.o
        10          0          0          0          0         60   _sputc.o
       346          0          0          0          0         92   aeabi_sdiv.o
        16          0          0          0          0         68   exit.o
         6          0          0          0          0        136   heapauxi.o
         0          0          0          0          0          0   indicate_semi.o
         2          0          0          0          0          0   libinit.o
         2          0          0          0          0          0   libinit2.o
         2          0          0          0          0          0   libshutdown.o
         2          0          0          0          0          0   libshutdown2.o
         8          4          0          0         96         68   libspace.o
        40          4          0          0          0         84   noretval__2sprintf.o
         2          0          0          0          0          0   rtexit.o
        10          0          0          0          0          0   rtexit2.o
        40          0          0          0          0         60   rtudiv10.o
        12          4          0          0          0         60   sys_exit.o
        62          0          0          0          0         80   sys_stackheap_outer.o
         2          0          0          0          0         68   use_no_semi.o
        46          0          0          0          0         60   cmpret.o
       124          4          0          0          0         72   d2f.o
       856         20          0          0          0        208   daddsub.o
       144          4          0          0          0         76   dcmpin.o
      1096         26        128          0          0        112   ddiv.o
       584         26          0          0          0         84   dmul.o
        20          6          0          0          0         68   dnan2.o
       104          4          0          0          0        104   drlef.o
        84          4          0          0          0         60   f2d.o
       100          4          0          0          0         68   fcmpin.o
        76          0          0          0          0         68   ffixi.o
        94          0          0          0          0         92   fflti.o
        16          6          0          0          0         68   fnan2.o
        88          4          0          0          0         76   frlef.o
        94          0          0          0          0         68   retnan.o
         0          0          0          0          0          0   usenofp.o

    ----------------------------------------------------------------------
      4694        152        130          0        100       2452   Library Totals
        10          0          2          0          4          0   (incl. Padding)

    ----------------------------------------------------------------------

      Code (inc. data)   RO Data    RW Data    ZI Data      Debug   Library Name

      1158         44          0          0         96       1168   c_p.l
      3526        108        128          0          0       1284   fz_ps.l

    ----------------------------------------------------------------------
      4694        152        130          0        100       2452   Library Totals

    ----------------------------------------------------------------------

==============================================================================


      Code (inc. data)   RO Data    RW Data    ZI Data      Debug   

     10212        606        592        268       3628     187547   Grand Totals
     10212        606        592        268       3628     187547   ELF Image Totals
     10212        606        592        268          0          0   ROM Totals

==============================================================================

    Total RO  Size (Code + RO Data)                10804 (  10.55kB)
    Total RW  Size (RW Data + ZI Data)              3896 (   3.80kB)
    Total ROM Size (Code + RO Data + RW Data)      11072 (  10.81kB)

==============================================================================

