Component: ARM Compiler 5.06 update 3 (build 300) Tool: armlink [4d35c9]

==============================================================================

Section Cross References

    main.o(i.Clock_Config) refers to system_mkl46z4.o(i.SystemCoreClockUpdate) for SystemCoreClockUpdate
    main.o(i.Clock_Config) refers to aeabi_sdiv.o(.text) for __aeabi_uidivmod
    main.o(i.Clock_Config) refers to main.o(i.NVIC_SetPriority) for NVIC_SetPriority
    main.o(i.Clock_Config) refers to system_mkl46z4.o(.data) for SystemCoreClock
    main.o(i.Delay_ms) refers to main.o(.data) for msTicks
    main.o(i.GPIO_Config) refers to gpio.o(i.GPIO_ChangePortBitDirection) for GPIO_ChangePortBitDirection
    main.o(i.GPIO_Config) refers to gpio.o(i.GPIO_SetPortBit) for GPIO_SetPortBit
    main.o(i.LCD_Config) refers to lcd.o(i.vfnLCD_Init) for vfnLCD_Init
    main.o(i.LCD_Config) refers to lcd.o(i.vfnLCD_Home) for vfnLCD_Home
    main.o(i.SLCD_ShowText) refers to lcd.o(i.vfnLCD_All_Segments_OFF) for vfnLCD_All_Segments_OFF
    main.o(i.SLCD_ShowText) refers to lcd.o(i.vfnLCD_Home) for vfnLCD_Home
    main.o(i.SLCD_ShowText) refers to lcd.o(i.vfnLCD_Write_Char) for vfnLCD_Write_Char
    main.o(i.SLCD_ShowText) refers to main.o(i.SLCD_ShowMinus) for SLCD_ShowMinus
    main.o(i.SLCD_ShowText) refers to main.o(i.SLCD_ShowDecimalPointAt) for SLCD_ShowDecimalPointAt
    main.o(i.SysTick_Handler) refers to main.o(.data) for msTicks
    main.o(i.main) refers to _printf_percent.o(.ARM.Collect$$_printf_percent$$00000000) for _printf_percent
    main.o(i.main) refers to _printf_d.o(.ARM.Collect$$_printf_percent$$00000009) for _printf_d
    main.o(i.main) refers to _printf_dec.o(.text) for _printf_int_dec
    main.o(i.main) refers to main.o(i.Clock_Config) for Clock_Config
    main.o(i.main) refers to main.o(i.GPIO_Config) for GPIO_Config
    main.o(i.main) refers to main.o(i.I2C_Init) for I2C_Init
    main.o(i.main) refers to main.o(i.LCD_Config) for LCD_Config
    main.o(i.main) refers to ws2812.o(i.initialize_pixel_tables) for initialize_pixel_tables
    main.o(i.main) refers to ws2812.o(i.dma_data_init) for dma_data_init
    main.o(i.main) refers to ws2812.o(i.clock_init) for clock_init
    main.o(i.main) refers to ws2812.o(i.dma_initial) for dma_initial
    main.o(i.main) refers to ws2812.o(i.io_init) for io_init
    main.o(i.main) refers to ws2812.o(i.tpm_init) for tpm_init
    main.o(i.main) refers to tc74.o(i.ReadTemperature) for ReadTemperature
    main.o(i.main) refers to gpio.o(i.GPIO_ReadPortBit) for GPIO_ReadPortBit
    main.o(i.main) refers to gpio.o(i.GPIO_ClearPortBit) for GPIO_ClearPortBit
    main.o(i.main) refers to noretval__2sprintf.o(.text) for __2sprintf
    main.o(i.main) refers to main.o(i.SLCD_ShowText) for SLCD_ShowText
    main.o(i.main) refers to gpio.o(i.GPIO_SetPortBit) for GPIO_SetPortBit
    main.o(i.main) refers to ws2812.o(i.set_pixel_color) for set_pixel_color
    main.o(i.main) refers to ws2812.o(i.start_DMA) for start_DMA
    main.o(i.main) refers to main.o(i.Delay_ms) for Delay_ms
    lcd.o(i.ClrPoint) refers to s401.o(.constdata) for WF_ORDERING_TABLE
    lcd.o(i.PutPoint) refers to s401.o(.constdata) for WF_ORDERING_TABLE
    lcd.o(i.SetX) refers to s401.o(.constdata) for WF_ORDERING_TABLE
    lcd.o(i.lcd_pinmux) refers to s401.o(.constdata) for WF_ORDERING_TABLE
    lcd.o(i.lcd_pinmux) refers to lcd.o(.data) for LCD_TO_PORT
    lcd.o(i.vfnBP_VScroll) refers to lcd.o(i.vfnSetBackplanes) for vfnSetBackplanes
    lcd.o(i.vfnBP_VScroll) refers to s401.o(.constdata) for WF_ORDERING_TABLE
    lcd.o(i.vfnEnablePins) refers to s401.o(.constdata) for WF_ORDERING_TABLE
    lcd.o(i.vfnEnablePins) refers to lcd.o(.constdata) for MASK_BIT
    lcd.o(i.vfnLCD_All_Segments_Char) refers to s401.o(.constdata) for WF_ORDERING_TABLE
    lcd.o(i.vfnLCD_All_Segments_OFF) refers to s401.o(.constdata) for WF_ORDERING_TABLE
    lcd.o(i.vfnLCD_All_Segments_ON) refers to s401.o(.constdata) for WF_ORDERING_TABLE
    lcd.o(i.vfnLCD_Home) refers to lcd.o(.data) for bLCD_CharPosition
    lcd.o(i.vfnLCD_Init) refers to lcd.o(i.vfnLCD_interrupt_init) for vfnLCD_interrupt_init
    lcd.o(i.vfnLCD_Init) refers to lcd.o(i.vfnEnablePins) for vfnEnablePins
    lcd.o(i.vfnLCD_Init) refers to lcd.o(.data) for lcd_alternate_mode
    lcd.o(i.vfnLCD_Write_Char) refers to lcd.o(.data) for bLCD_CharPosition
    lcd.o(i.vfnLCD_Write_Char) refers to s401.o(.constdata) for ASCII_TO_WF_CODIFICATION_TABLE
    lcd.o(i.vfnLCD_Write_Msg) refers to lcd.o(i.vfnLCD_Write_Char) for vfnLCD_Write_Char
    lcd.o(i.vfnLCD_Write_Msg) refers to lcd.o(.data) for bLCD_CharPosition
    lcd.o(i.vfnLCD_Write_MsgPlace) refers to lcd.o(i.vfnLCD_Write_Char) for vfnLCD_Write_Char
    lcd.o(i.vfnSetBackplanes) refers to s401.o(.constdata) for WF_ORDERING_TABLE
    tc74.o(i.ReadTemperature) refers to i2c.o(i.I2C_Enable) for I2C_Enable
    tc74.o(i.ReadTemperature) refers to i2c.o(i.I2C_Start) for I2C_Start
    tc74.o(i.ReadTemperature) refers to i2c.o(i.I2C_WriteByte) for I2C_WriteByte
    tc74.o(i.ReadTemperature) refers to i2c.o(i.I2C_Restart) for I2C_Restart
    tc74.o(i.ReadTemperature) refers to i2c.o(i.I2C_ReadByte) for I2C_ReadByte
    tc74.o(i.ReadTemperature) refers to i2c.o(i.I2C_Stop) for I2C_Stop
    tc74.o(i.ReadTemperature) refers to i2c.o(i.I2C_Disable) for I2C_Disable
    ws2812.o(i.TPM0_IRQHandler) refers to ws2812.o(.data) for dma_done
    ws2812.o(i.dma_data_init) refers to ws2812.o(.bss) for dma_data
    ws2812.o(i.dma_initial) refers to ws2812.o(i.NVIC_ClearPendingIRQ) for NVIC_ClearPendingIRQ
    ws2812.o(i.dma_initial) refers to ws2812.o(i.NVIC_EnableIRQ) for NVIC_EnableIRQ
    ws2812.o(i.initialize_pixel_tables) refers to ws2812.o(.data) for pixel_table
    ws2812.o(i.initialize_pixel_tables) refers to ws2812.o(.bss) for dma_data
    ws2812.o(i.io_init) refers to ws2812.o(.data) for pin_mask
    ws2812.o(i.set_pixel_color) refers to ws2812.o(.data) for pixel_table
    ws2812.o(i.set_pixel_color) refers to ws2812.o(.bss) for dma_data
    ws2812.o(i.start_DMA) refers to ws2812.o(i.wait_for_dma_done) for wait_for_dma_done
    ws2812.o(i.start_DMA) refers to ws2812.o(.data) for dma_done
    ws2812.o(i.start_DMA) refers to ws2812.o(.bss) for dma_data
    ws2812.o(i.tpm_init) refers to ws2812.o(i.NVIC_ClearPendingIRQ) for NVIC_ClearPendingIRQ
    ws2812.o(i.tpm_init) refers to ws2812.o(i.NVIC_EnableIRQ) for NVIC_EnableIRQ
    ws2812.o(i.wait_for_dma_done) refers to ws2812.o(.data) for dma_done
    startup_mkl46z4.o(STACK) refers (Special) to heapauxi.o(.text) for __use_two_region_memory
    startup_mkl46z4.o(HEAP) refers (Special) to heapauxi.o(.text) for __use_two_region_memory
    startup_mkl46z4.o(RESET) refers (Special) to heapauxi.o(.text) for __use_two_region_memory
    startup_mkl46z4.o(RESET) refers to startup_mkl46z4.o(STACK) for __initial_sp
    startup_mkl46z4.o(RESET) refers to startup_mkl46z4.o(.text) for Reset_Handler
    startup_mkl46z4.o(RESET) refers to main.o(i.SysTick_Handler) for SysTick_Handler
    startup_mkl46z4.o(RESET) refers to ws2812.o(i.DMA0_IRQHandler) for DMA0_IRQHandler
    startup_mkl46z4.o(RESET) refers to ws2812.o(i.TPM0_IRQHandler) for TPM0_IRQHandler
    startup_mkl46z4.o(RESET) refers to lcd.o(i.LCD_IRQHandler) for LCD_IRQHandler
    startup_mkl46z4.o(.ARM.__at_0x400) refers (Special) to heapauxi.o(.text) for __use_two_region_memory
    startup_mkl46z4.o(.text) refers (Special) to heapauxi.o(.text) for __use_two_region_memory
    startup_mkl46z4.o(.text) refers to system_mkl46z4.o(i.SystemInit) for SystemInit
    startup_mkl46z4.o(.text) refers to __main.o(!!!main) for __main
    startup_mkl46z4.o(.text) refers to startup_mkl46z4.o(HEAP) for Heap_Mem
    startup_mkl46z4.o(.text) refers to startup_mkl46z4.o(STACK) for Stack_Mem
    system_mkl46z4.o(i.SystemCoreClockUpdate) refers to aeabi_sdiv.o(.text) for __aeabi_uidivmod
    system_mkl46z4.o(i.SystemCoreClockUpdate) refers to system_mkl46z4.o(i.__ARM_common_switch8) for __ARM_common_switch8
    system_mkl46z4.o(i.SystemCoreClockUpdate) refers to system_mkl46z4.o(.data) for SystemCoreClock
    __2sprintf.o(.text) refers to _printf_char_common.o(.text) for _printf_char_common
    __2sprintf.o(.text) refers to _sputc.o(.text) for _sputc
    noretval__2sprintf.o(.text) refers to _printf_char_common.o(.text) for _printf_char_common
    noretval__2sprintf.o(.text) refers to _sputc.o(.text) for _sputc
    __printf.o(.text) refers to _printf_percent.o(.ARM.Collect$$_printf_percent$$00000000) for _printf_percent
    _printf_dec.o(.text) refers to rtudiv10.o(.text) for __rt_udiv10
    _printf_dec.o(.text) refers to _printf_intcommon.o(.text) for _printf_int_common
    __printf_flags.o(.text) refers to _printf_percent.o(.ARM.Collect$$_printf_percent$$00000000) for _printf_percent
    __printf_flags.o(.text) refers to __printf_flags.o(.constdata) for .constdata
    __printf_ss.o(.text) refers to _printf_percent.o(.ARM.Collect$$_printf_percent$$00000000) for _printf_percent
    __printf_flags_ss.o(.text) refers to _printf_percent.o(.ARM.Collect$$_printf_percent$$00000000) for _printf_percent
    __printf_flags_ss.o(.text) refers to __printf_flags_ss.o(.constdata) for .constdata
    __printf_wp.o(.text) refers to __printf_wp.o(i._is_digit) for _is_digit
    __printf_wp.o(.text) refers to _printf_percent.o(.ARM.Collect$$_printf_percent$$00000000) for _printf_percent
    __printf_flags_wp.o(.text) refers to __printf_wp.o(i._is_digit) for _is_digit
    __printf_flags_wp.o(.text) refers to _printf_percent.o(.ARM.Collect$$_printf_percent$$00000000) for _printf_percent
    __printf_flags_wp.o(.text) refers to __printf_flags_wp.o(.constdata) for .constdata
    __printf_ss_wp.o(.text) refers to __printf_wp.o(i._is_digit) for _is_digit
    __printf_ss_wp.o(.text) refers to _printf_percent.o(.ARM.Collect$$_printf_percent$$00000000) for _printf_percent
    __printf_flags_ss_wp.o(.text) refers to __printf_wp.o(i._is_digit) for _is_digit
    __printf_flags_ss_wp.o(.text) refers to _printf_percent.o(.ARM.Collect$$_printf_percent$$00000000) for _printf_percent
    __printf_flags_ss_wp.o(.text) refers to __printf_flags_ss_wp.o(.constdata) for .constdata
    _printf_d.o(.ARM.Collect$$_printf_percent$$00000009) refers (Weak) to _printf_dec.o(.text) for _printf_int_dec
    _printf_percent.o(.ARM.Collect$$_printf_percent$$00000000) refers (Special) to _printf_percent_end.o(.ARM.Collect$$_printf_percent$$00000017) for _printf_percent_end
    __main.o(!!!main) refers to __rtentry.o(.ARM.Collect$$rtentry$$00000000) for __rt_entry
    __rtentry.o(.ARM.Collect$$rtentry$$00000000) refers (Special) to __rtentry2.o(.ARM.Collect$$rtentry$$0000000A) for __rt_entry_li
    __rtentry.o(.ARM.Collect$$rtentry$$00000000) refers (Special) to __rtentry2.o(.ARM.Collect$$rtentry$$0000000D) for __rt_entry_main
    __rtentry.o(.ARM.Collect$$rtentry$$00000000) refers (Special) to __rtentry2.o(.ARM.Collect$$rtentry$$0000000C) for __rt_entry_postli_1
    __rtentry.o(.ARM.Collect$$rtentry$$00000000) refers (Special) to __rtentry2.o(.ARM.Collect$$rtentry$$00000009) for __rt_entry_postsh_1
    __rtentry.o(.ARM.Collect$$rtentry$$00000000) refers (Special) to __rtentry2.o(.ARM.Collect$$rtentry$$00000002) for __rt_entry_presh_1
    __rtentry.o(.ARM.Collect$$rtentry$$00000000) refers (Special) to __rtentry4.o(.ARM.Collect$$rtentry$$00000004) for __rt_entry_sh
    aeabi_idiv0_sigfpe.o(.text) refers to rt_div0.o(.text) for __rt_div0
    _printf_char_common.o(.text) refers to __printf.o(.text) for __printf
    __rtentry2.o(.ARM.Collect$$rtentry$$00000008) refers to boardinit2.o(.text) for _platform_post_stackheap_init
    __rtentry2.o(.ARM.Collect$$rtentry$$0000000A) refers to libinit.o(.ARM.Collect$$libinit$$00000000) for __rt_lib_init
    __rtentry2.o(.ARM.Collect$$rtentry$$0000000B) refers to boardinit3.o(.text) for _platform_post_lib_init
    __rtentry2.o(.ARM.Collect$$rtentry$$0000000D) refers to main.o(i.main) for main
    __rtentry2.o(.ARM.Collect$$rtentry$$0000000D) refers to exit.o(.text) for exit
    __rtentry2.o(.ARM.exidx) refers to __rtentry2.o(.ARM.Collect$$rtentry$$00000001) for .ARM.Collect$$rtentry$$00000001
    __rtentry2.o(.ARM.exidx) refers to __rtentry2.o(.ARM.Collect$$rtentry$$00000008) for .ARM.Collect$$rtentry$$00000008
    __rtentry2.o(.ARM.exidx) refers to __rtentry2.o(.ARM.Collect$$rtentry$$0000000A) for .ARM.Collect$$rtentry$$0000000A
    __rtentry2.o(.ARM.exidx) refers to __rtentry2.o(.ARM.Collect$$rtentry$$0000000B) for .ARM.Collect$$rtentry$$0000000B
    __rtentry2.o(.ARM.exidx) refers to __rtentry2.o(.ARM.Collect$$rtentry$$0000000D) for .ARM.Collect$$rtentry$$0000000D
    __rtentry4.o(.ARM.Collect$$rtentry$$00000004) refers to sys_stackheap_outer.o(.text) for __user_setup_stackheap
    __rtentry4.o(.ARM.exidx) refers to __rtentry4.o(.ARM.Collect$$rtentry$$00000004) for .ARM.Collect$$rtentry$$00000004
    rt_div0.o(.text) refers to defsig_fpe_outer.o(.text) for __rt_SIGFPE
    sys_stackheap_outer.o(.text) refers to libspace.o(.text) for __user_perproc_libspace
    sys_stackheap_outer.o(.text) refers to startup_mkl46z4.o(.text) for __user_initial_stackheap
    sys_stackheap_outer.o(__vectab_stack_and_reset_area) refers to tempstk.o(.text) for __temporary_stack_top
    sys_stackheap_outer.o(__vectab_stack_and_reset_area) refers to __main.o(!!!main) for __main
    exit.o(.text) refers to rtexit.o(.ARM.Collect$$rtexit$$00000000) for __rt_exit
    defsig_fpe_outer.o(.text) refers to defsig_fpe_inner.o(.text) for __rt_SIGFPE_inner
    defsig_fpe_outer.o(.text) refers to defsig_exit.o(.text) for __sig_exit
    defsig_fpe_formal.o(.text) refers to rt_raise.o(.text) for __rt_raise
    libinit.o(.ARM.Collect$$libinit$$00000000) refers (Special) to libinit2.o(.ARM.Collect$$libinit$$0000002E) for __rt_lib_init_alloca_1
    libinit.o(.ARM.Collect$$libinit$$00000000) refers (Special) to libinit2.o(.ARM.Collect$$libinit$$0000002C) for __rt_lib_init_argv_1
    libinit.o(.ARM.Collect$$libinit$$00000000) refers (Special) to libinit2.o(.ARM.Collect$$libinit$$0000001B) for __rt_lib_init_atexit_1
    libinit.o(.ARM.Collect$$libinit$$00000000) refers (Special) to libinit2.o(.ARM.Collect$$libinit$$00000021) for __rt_lib_init_clock_1
    libinit.o(.ARM.Collect$$libinit$$00000000) refers (Special) to libinit2.o(.ARM.Collect$$libinit$$00000032) for __rt_lib_init_cpp_1
    libinit.o(.ARM.Collect$$libinit$$00000000) refers (Special) to libinit2.o(.ARM.Collect$$libinit$$00000030) for __rt_lib_init_exceptions_1
    libinit.o(.ARM.Collect$$libinit$$00000000) refers (Special) to libinit2.o(.ARM.Collect$$libinit$$00000002) for __rt_lib_init_fp_1
    libinit.o(.ARM.Collect$$libinit$$00000000) refers (Special) to libinit2.o(.ARM.Collect$$libinit$$0000001F) for __rt_lib_init_fp_trap_1
    libinit.o(.ARM.Collect$$libinit$$00000000) refers (Special) to libinit2.o(.ARM.Collect$$libinit$$00000023) for __rt_lib_init_getenv_1
    libinit.o(.ARM.Collect$$libinit$$00000000) refers (Special) to libinit2.o(.ARM.Collect$$libinit$$0000000A) for __rt_lib_init_heap_1
    libinit.o(.ARM.Collect$$libinit$$00000000) refers (Special) to libinit2.o(.ARM.Collect$$libinit$$00000011) for __rt_lib_init_lc_collate_1
    libinit.o(.ARM.Collect$$libinit$$00000000) refers (Special) to libinit2.o(.ARM.Collect$$libinit$$00000013) for __rt_lib_init_lc_ctype_1
    libinit.o(.ARM.Collect$$libinit$$00000000) refers (Special) to libinit2.o(.ARM.Collect$$libinit$$00000015) for __rt_lib_init_lc_monetary_1
    libinit.o(.ARM.Collect$$libinit$$00000000) refers (Special) to libinit2.o(.ARM.Collect$$libinit$$00000017) for __rt_lib_init_lc_numeric_1
    libinit.o(.ARM.Collect$$libinit$$00000000) refers (Special) to libinit2.o(.ARM.Collect$$libinit$$00000019) for __rt_lib_init_lc_time_1
    libinit.o(.ARM.Collect$$libinit$$00000000) refers (Special) to libinit2.o(.ARM.Collect$$libinit$$00000004) for __rt_lib_init_preinit_1
    libinit.o(.ARM.Collect$$libinit$$00000000) refers (Special) to libinit2.o(.ARM.Collect$$libinit$$0000000E) for __rt_lib_init_rand_1
    libinit.o(.ARM.Collect$$libinit$$00000000) refers (Special) to libinit2.o(.ARM.Collect$$libinit$$00000033) for __rt_lib_init_return
    libinit.o(.ARM.Collect$$libinit$$00000000) refers (Special) to libinit2.o(.ARM.Collect$$libinit$$0000001D) for __rt_lib_init_signal_1
    libinit.o(.ARM.Collect$$libinit$$00000000) refers (Special) to libinit2.o(.ARM.Collect$$libinit$$00000025) for __rt_lib_init_stdio_1
    libinit.o(.ARM.Collect$$libinit$$00000000) refers (Special) to libinit2.o(.ARM.Collect$$libinit$$0000000C) for __rt_lib_init_user_alloc_1
    libspace.o(.text) refers to libspace.o(.bss) for __libspace_start
    rtexit.o(.ARM.Collect$$rtexit$$00000000) refers (Special) to rtexit2.o(.ARM.Collect$$rtexit$$00000004) for __rt_exit_exit
    rtexit.o(.ARM.Collect$$rtexit$$00000000) refers (Special) to rtexit2.o(.ARM.Collect$$rtexit$$00000003) for __rt_exit_ls
    rtexit.o(.ARM.Collect$$rtexit$$00000000) refers (Special) to rtexit2.o(.ARM.Collect$$rtexit$$00000002) for __rt_exit_prels_1
    rtexit.o(.ARM.exidx) refers (Special) to rtexit2.o(.ARM.Collect$$rtexit$$00000004) for __rt_exit_exit
    rtexit.o(.ARM.exidx) refers (Special) to rtexit2.o(.ARM.Collect$$rtexit$$00000003) for __rt_exit_ls
    rtexit.o(.ARM.exidx) refers (Special) to rtexit2.o(.ARM.Collect$$rtexit$$00000002) for __rt_exit_prels_1
    rtexit.o(.ARM.exidx) refers to rtexit.o(.ARM.Collect$$rtexit$$00000000) for .ARM.Collect$$rtexit$$00000000
    rt_raise.o(.text) refers to __raise.o(.text) for __raise
    rt_raise.o(.text) refers to sys_exit.o(.text) for _sys_exit
    defsig_exit.o(.text) refers to sys_exit.o(.text) for _sys_exit
    defsig_fpe_inner.o(.text) refers to defsig_general.o(.text) for __default_signal_display
    libinit2.o(.ARM.Collect$$libinit$$00000010) refers to libinit2.o(.ARM.Collect$$libinit$$0000000F) for .ARM.Collect$$libinit$$0000000F
    libinit2.o(.ARM.Collect$$libinit$$00000012) refers to libinit2.o(.ARM.Collect$$libinit$$0000000F) for .ARM.Collect$$libinit$$0000000F
    libinit2.o(.ARM.Collect$$libinit$$00000014) refers to libinit2.o(.ARM.Collect$$libinit$$0000000F) for .ARM.Collect$$libinit$$0000000F
    libinit2.o(.ARM.Collect$$libinit$$00000016) refers to libinit2.o(.ARM.Collect$$libinit$$0000000F) for .ARM.Collect$$libinit$$0000000F
    libinit2.o(.ARM.Collect$$libinit$$00000018) refers to libinit2.o(.ARM.Collect$$libinit$$0000000F) for .ARM.Collect$$libinit$$0000000F
    libinit2.o(.ARM.Collect$$libinit$$00000026) refers to argv_veneer.o(.text) for __ARM_argv_veneer
    libinit2.o(.ARM.Collect$$libinit$$00000027) refers to argv_veneer.o(.text) for __ARM_argv_veneer
    sys_exit.o(.text) refers (Special) to use_no_semi.o(.text) for __I$use$semihosting
    sys_exit.o(.text) refers (Special) to indicate_semi.o(.text) for __semihosting_library_function
    rtexit2.o(.ARM.Collect$$rtexit$$00000003) refers to libshutdown.o(.ARM.Collect$$libshutdown$$00000000) for __rt_lib_shutdown
    rtexit2.o(.ARM.Collect$$rtexit$$00000004) refers to sys_exit.o(.text) for _sys_exit
    rtexit2.o(.ARM.exidx) refers to rtexit2.o(.ARM.Collect$$rtexit$$00000001) for .ARM.Collect$$rtexit$$00000001
    rtexit2.o(.ARM.exidx) refers to rtexit2.o(.ARM.Collect$$rtexit$$00000003) for .ARM.Collect$$rtexit$$00000003
    rtexit2.o(.ARM.exidx) refers to rtexit2.o(.ARM.Collect$$rtexit$$00000004) for .ARM.Collect$$rtexit$$00000004
    __raise.o(.text) refers to defsig.o(CL$$defsig) for __default_signal_handler
    defsig_general.o(.text) refers to sys_wrch.o(.text) for _ttywrch
    sys_wrch.o(.text) refers (Special) to use_no_semi.o(.text) for __I$use$semihosting
    sys_wrch.o(.text) refers (Special) to indicate_semi.o(.text) for __semihosting_library_function
    defsig.o(CL$$defsig) refers to defsig_fpe_inner.o(.text) for __rt_SIGFPE_inner
    defsig.o(CL$$defsig) refers to defsig_rtmem_inner.o(.text) for __rt_SIGRTMEM_inner
    _get_argv_nomalloc.o(.text) refers (Special) to hrguard.o(.text) for __heap_region$guard
    _get_argv_nomalloc.o(.text) refers to defsig_rtmem_outer.o(.text) for __rt_SIGRTMEM
    _get_argv_nomalloc.o(.text) refers to sys_command.o(.text) for _sys_command_string
    libshutdown.o(.ARM.Collect$$libshutdown$$00000000) refers (Special) to libshutdown2.o(.ARM.Collect$$libshutdown$$00000002) for __rt_lib_shutdown_cpp_1
    libshutdown.o(.ARM.Collect$$libshutdown$$00000000) refers (Special) to libshutdown2.o(.ARM.Collect$$libshutdown$$00000007) for __rt_lib_shutdown_fp_trap_1
    libshutdown.o(.ARM.Collect$$libshutdown$$00000000) refers (Special) to libshutdown2.o(.ARM.Collect$$libshutdown$$0000000F) for __rt_lib_shutdown_heap_1
    libshutdown.o(.ARM.Collect$$libshutdown$$00000000) refers (Special) to libshutdown2.o(.ARM.Collect$$libshutdown$$00000010) for __rt_lib_shutdown_return
    libshutdown.o(.ARM.Collect$$libshutdown$$00000000) refers (Special) to libshutdown2.o(.ARM.Collect$$libshutdown$$0000000A) for __rt_lib_shutdown_signal_1
    libshutdown.o(.ARM.Collect$$libshutdown$$00000000) refers (Special) to libshutdown2.o(.ARM.Collect$$libshutdown$$00000004) for __rt_lib_shutdown_stdio_1
    libshutdown.o(.ARM.Collect$$libshutdown$$00000000) refers (Special) to libshutdown2.o(.ARM.Collect$$libshutdown$$0000000C) for __rt_lib_shutdown_user_alloc_1
    sys_command.o(.text) refers (Special) to use_no_semi.o(.text) for __I$use$semihosting
    sys_command.o(.text) refers (Special) to indicate_semi.o(.text) for __semihosting_library_function
    defsig_abrt_inner.o(.text) refers to defsig_general.o(.text) for __default_signal_display
    defsig_rtred_inner.o(.text) refers to defsig_general.o(.text) for __default_signal_display
    defsig_rtmem_inner.o(.text) refers to defsig_general.o(.text) for __default_signal_display
    defsig_rtmem_outer.o(.text) refers to defsig_rtmem_inner.o(.text) for __rt_SIGRTMEM_inner
    defsig_rtmem_outer.o(.text) refers to defsig_exit.o(.text) for __sig_exit
    defsig_rtmem_formal.o(.text) refers to rt_raise.o(.text) for __rt_raise
    defsig_stak_inner.o(.text) refers to defsig_general.o(.text) for __default_signal_display
    defsig_pvfn_inner.o(.text) refers to defsig_general.o(.text) for __default_signal_display
    defsig_cppl_inner.o(.text) refers to defsig_general.o(.text) for __default_signal_display
    defsig_segv_inner.o(.text) refers to defsig_general.o(.text) for __default_signal_display
    defsig_other.o(.text) refers to defsig_general.o(.text) for __default_signal_display


==============================================================================

Removing Unused input sections from the image.

    Removing main.o(.rev16_text), (4 bytes).
    Removing main.o(.revsh_text), (4 bytes).
    Removing main.o(i.SLCD_HideColon), (20 bytes).
    Removing main.o(i.SLCD_HideDecimalPointAt), (72 bytes).
    Removing main.o(i.SLCD_ShowColon), (20 bytes).
    Removing gpio.o(.rev16_text), (4 bytes).
    Removing gpio.o(.revsh_text), (4 bytes).
    Removing gpio.o(i.GPIO_TogglePortBit), (8 bytes).
    Removing gpio.o(i.GPIO_WritePortBit), (20 bytes).
    Removing i2c.o(.rev16_text), (4 bytes).
    Removing i2c.o(.revsh_text), (4 bytes).
    Removing i2c.o(i.I2C_DisableInt), (10 bytes).
    Removing i2c.o(i.I2C_EnableInt), (10 bytes).
    Removing lcd.o(.rev16_text), (4 bytes).
    Removing lcd.o(.revsh_text), (4 bytes).
    Removing lcd.o(i.ClrPoint), (44 bytes).
    Removing lcd.o(i.PutPoint), (44 bytes).
    Removing lcd.o(i.SetX), (28 bytes).
    Removing lcd.o(i.lcd_pinmux), (92 bytes).
    Removing lcd.o(i.vfnBP_VScroll), (84 bytes).
    Removing lcd.o(i.vfnLCD_All_Segments_Char), (36 bytes).
    Removing lcd.o(i.vfnLCD_All_Segments_ON), (40 bytes).
    Removing lcd.o(i.vfnLCD_Contrast), (28 bytes).
    Removing lcd.o(i.vfnLCD_Write_Msg), (64 bytes).
    Removing lcd.o(i.vfnLCD_Write_MsgPlace), (30 bytes).
    Removing lcd.o(i.vfnSetBackplanes), (44 bytes).
    Removing lcd.o(.bss), (32 bytes).
    Removing tc74.o(.rev16_text), (4 bytes).
    Removing tc74.o(.revsh_text), (4 bytes).
    Removing ws2812.o(.rev16_text), (4 bytes).
    Removing ws2812.o(.revsh_text), (4 bytes).
    Removing ws2812.o(.constdata), (20 bytes).
    Removing system_mkl46z4.o(.rev16_text), (4 bytes).
    Removing system_mkl46z4.o(.revsh_text), (4 bytes).

34 unused section(s) (total 802 bytes) removed from the image.

==============================================================================

Image Symbol Table

    Local Symbols

    Symbol Name                              Value     Ov Type        Size  Object(Section)

    RESET                                    0x00000000   Section      192  startup_mkl46z4.o(RESET)
    ../clib/angel/boardlib.s                 0x00000000   Number         0  boardinit1.o ABSOLUTE
    ../clib/angel/boardlib.s                 0x00000000   Number         0  boardinit2.o ABSOLUTE
    ../clib/angel/boardlib.s                 0x00000000   Number         0  boardinit3.o ABSOLUTE
    ../clib/angel/boardlib.s                 0x00000000   Number         0  boardshut.o ABSOLUTE
    ../clib/angel/handlers.s                 0x00000000   Number         0  __scatter_zi.o ABSOLUTE
    ../clib/angel/handlers.s                 0x00000000   Number         0  __scatter_copy.o ABSOLUTE
    ../clib/angel/kernel.s                   0x00000000   Number         0  rtexit.o ABSOLUTE
    ../clib/angel/kernel.s                   0x00000000   Number         0  __rtentry4.o ABSOLUTE
    ../clib/angel/kernel.s                   0x00000000   Number         0  rtexit2.o ABSOLUTE
    ../clib/angel/kernel.s                   0x00000000   Number         0  __rtentry2.o ABSOLUTE
    ../clib/angel/kernel.s                   0x00000000   Number         0  __rtentry.o ABSOLUTE
    ../clib/angel/rt.s                       0x00000000   Number         0  aeabi_idiv0_sigfpe.o ABSOLUTE
    ../clib/angel/rt.s                       0x00000000   Number         0  rt_div0.o ABSOLUTE
    ../clib/angel/rt.s                       0x00000000   Number         0  aeabi_idiv0.o ABSOLUTE
    ../clib/angel/rt.s                       0x00000000   Number         0  rt_raise.o ABSOLUTE
    ../clib/angel/scatterp.s                 0x00000000   Number         0  __scatter.o ABSOLUTE
    ../clib/angel/startup.s                  0x00000000   Number         0  __main.o ABSOLUTE
    ../clib/angel/sys.s                      0x00000000   Number         0  indicate_semi.o ABSOLUTE
    ../clib/angel/sys.s                      0x00000000   Number         0  use_no_semi.o ABSOLUTE
    ../clib/angel/sys.s                      0x00000000   Number         0  tempstk.o ABSOLUTE
    ../clib/angel/sys.s                      0x00000000   Number         0  libspace.o ABSOLUTE
    ../clib/angel/sys.s                      0x00000000   Number         0  sys_stackheap_outer.o ABSOLUTE
    ../clib/angel/sysapp.c                   0x00000000   Number         0  sys_command.o ABSOLUTE
    ../clib/angel/sysapp.c                   0x00000000   Number         0  sys_exit.o ABSOLUTE
    ../clib/angel/sysapp.c                   0x00000000   Number         0  sys_wrch.o ABSOLUTE
    ../clib/armsys.c                         0x00000000   Number         0  argv_veneer.o ABSOLUTE
    ../clib/armsys.c                         0x00000000   Number         0  _get_argv_nomalloc.o ABSOLUTE
    ../clib/armsys.c                         0x00000000   Number         0  no_argv.o ABSOLUTE
    ../clib/division.c                       0x00000000   Number         0  rtudiv10.o ABSOLUTE
    ../clib/division.s                       0x00000000   Number         0  aeabi_sdiv.o ABSOLUTE
    ../clib/division.s                       0x00000000   Number         0  aeabi_sdiv_div0.o ABSOLUTE
    ../clib/heapalloc.c                      0x00000000   Number         0  hrguard.o ABSOLUTE
    ../clib/heapaux.c                        0x00000000   Number         0  heapauxi.o ABSOLUTE
    ../clib/libinit.s                        0x00000000   Number         0  libshutdown2.o ABSOLUTE
    ../clib/libinit.s                        0x00000000   Number         0  libinit.o ABSOLUTE
    ../clib/libinit.s                        0x00000000   Number         0  libinit2.o ABSOLUTE
    ../clib/libinit.s                        0x00000000   Number         0  libshutdown.o ABSOLUTE
    ../clib/printf.c                         0x00000000   Number         0  _sputc.o ABSOLUTE
    ../clib/printf.c                         0x00000000   Number         0  _printf_char_common.o ABSOLUTE
    ../clib/printf.c                         0x00000000   Number         0  __printf_wp.o ABSOLUTE
    ../clib/printf.c                         0x00000000   Number         0  __printf_flags_wp.o ABSOLUTE
    ../clib/printf.c                         0x00000000   Number         0  __printf_nopercent.o ABSOLUTE
    ../clib/printf.c                         0x00000000   Number         0  __2sprintf.o ABSOLUTE
    ../clib/printf.c                         0x00000000   Number         0  noretval__2sprintf.o ABSOLUTE
    ../clib/printf.c                         0x00000000   Number         0  _printf_intcommon.o ABSOLUTE
    ../clib/printf.c                         0x00000000   Number         0  __printf.o ABSOLUTE
    ../clib/printf.c                         0x00000000   Number         0  __printf_ss_wp.o ABSOLUTE
    ../clib/printf.c                         0x00000000   Number         0  _printf_dec.o ABSOLUTE
    ../clib/printf.c                         0x00000000   Number         0  __printf_flags_ss_wp.o ABSOLUTE
    ../clib/printf.c                         0x00000000   Number         0  __printf_flags.o ABSOLUTE
    ../clib/printf.c                         0x00000000   Number         0  __printf_ss.o ABSOLUTE
    ../clib/printf.c                         0x00000000   Number         0  __printf_flags_ss.o ABSOLUTE
    ../clib/printf_percent.s                 0x00000000   Number         0  _printf_percent.o ABSOLUTE
    ../clib/printf_percent.s                 0x00000000   Number         0  _printf_percent_end.o ABSOLUTE
    ../clib/printf_percent.s                 0x00000000   Number         0  _printf_d.o ABSOLUTE
    ../clib/signal.c                         0x00000000   Number         0  defsig_stak_inner.o ABSOLUTE
    ../clib/signal.c                         0x00000000   Number         0  defsig_rtmem_formal.o ABSOLUTE
    ../clib/signal.c                         0x00000000   Number         0  defsig_fpe_outer.o ABSOLUTE
    ../clib/signal.c                         0x00000000   Number         0  defsig_rtmem_outer.o ABSOLUTE
    ../clib/signal.c                         0x00000000   Number         0  defsig_rtmem_inner.o ABSOLUTE
    ../clib/signal.c                         0x00000000   Number         0  defsig_rtred_inner.o ABSOLUTE
    ../clib/signal.c                         0x00000000   Number         0  defsig_abrt_inner.o ABSOLUTE
    ../clib/signal.c                         0x00000000   Number         0  defsig_general.o ABSOLUTE
    ../clib/signal.c                         0x00000000   Number         0  __raise.o ABSOLUTE
    ../clib/signal.c                         0x00000000   Number         0  defsig_fpe_inner.o ABSOLUTE
    ../clib/signal.c                         0x00000000   Number         0  defsig_exit.o ABSOLUTE
    ../clib/signal.c                         0x00000000   Number         0  defsig_fpe_formal.o ABSOLUTE
    ../clib/signal.c                         0x00000000   Number         0  defsig_other.o ABSOLUTE
    ../clib/signal.c                         0x00000000   Number         0  defsig_segv_inner.o ABSOLUTE
    ../clib/signal.c                         0x00000000   Number         0  defsig_cppl_inner.o ABSOLUTE
    ../clib/signal.c                         0x00000000   Number         0  defsig_pvfn_inner.o ABSOLUTE
    ../clib/signal.s                         0x00000000   Number         0  defsig.o ABSOLUTE
    ../clib/stdlib.c                         0x00000000   Number         0  exit.o ABSOLUTE
    ../fplib/cfplib/fpinit.c                 0x00000000   Number         0  fpinit.o ABSOLUTE
    GPIO.c                                   0x00000000   Number         0  gpio.o ABSOLUTE
    GPIO.c                                   0x00000000   Number         0  gpio.o ABSOLUTE
    I2C.c                                    0x00000000   Number         0  i2c.o ABSOLUTE
    I2C.c                                    0x00000000   Number         0  i2c.o ABSOLUTE
    LCD.c                                    0x00000000   Number         0  lcd.o ABSOLUTE
    LCD.c                                    0x00000000   Number         0  lcd.o ABSOLUTE
    RTE\Device\MKL46Z256xxx4\startup_MKL46Z4.s 0x00000000   Number         0  startup_mkl46z4.o ABSOLUTE
    RTE\Device\MKL46Z256xxx4\system_MKL46Z4.c 0x00000000   Number         0  system_mkl46z4.o ABSOLUTE
    RTE\\Device\\MKL46Z256xxx4\\system_MKL46Z4.c 0x00000000   Number         0  system_mkl46z4.o ABSOLUTE
    TC74.c                                   0x00000000   Number         0  tc74.o ABSOLUTE
    TC74.c                                   0x00000000   Number         0  tc74.o ABSOLUTE
    WS2812.c                                 0x00000000   Number         0  ws2812.o ABSOLUTE
    WS2812.c                                 0x00000000   Number         0  ws2812.o ABSOLUTE
    dc.s                                     0x00000000   Number         0  dc.o ABSOLUTE
    main.c                                   0x00000000   Number         0  main.o ABSOLUTE
    main.c                                   0x00000000   Number         0  main.o ABSOLUTE
    s401.c                                   0x00000000   Number         0  s401.o ABSOLUTE
    !!!main                                  0x000000c0   Section        8  __main.o(!!!main)
    !!!scatter                               0x000000c8   Section       60  __scatter.o(!!!scatter)
    !!handler_copy                           0x00000104   Section       26  __scatter_copy.o(!!handler_copy)
    !!handler_zi                             0x00000120   Section       28  __scatter_zi.o(!!handler_zi)
    .ARM.Collect$$_printf_percent$$00000000  0x0000013c   Section        2  _printf_percent.o(.ARM.Collect$$_printf_percent$$00000000)
    .ARM.Collect$$_printf_percent$$00000009  0x0000013e   Section       10  _printf_d.o(.ARM.Collect$$_printf_percent$$00000009)
    .ARM.Collect$$_printf_percent$$00000017  0x00000148   Section        4  _printf_percent_end.o(.ARM.Collect$$_printf_percent$$00000017)
    .ARM.Collect$$libinit$$00000000          0x0000014c   Section        2  libinit.o(.ARM.Collect$$libinit$$00000000)
    .ARM.Collect$$libinit$$00000002          0x0000014e   Section        0  libinit2.o(.ARM.Collect$$libinit$$00000002)
    .ARM.Collect$$libinit$$00000004          0x0000014e   Section        0  libinit2.o(.ARM.Collect$$libinit$$00000004)
    .ARM.Collect$$libinit$$0000000A          0x0000014e   Section        0  libinit2.o(.ARM.Collect$$libinit$$0000000A)
    .ARM.Collect$$libinit$$0000000C          0x0000014e   Section        0  libinit2.o(.ARM.Collect$$libinit$$0000000C)
    .ARM.Collect$$libinit$$0000000E          0x0000014e   Section        0  libinit2.o(.ARM.Collect$$libinit$$0000000E)
    .ARM.Collect$$libinit$$00000011          0x0000014e   Section        0  libinit2.o(.ARM.Collect$$libinit$$00000011)
    .ARM.Collect$$libinit$$00000013          0x0000014e   Section        0  libinit2.o(.ARM.Collect$$libinit$$00000013)
    .ARM.Collect$$libinit$$00000015          0x0000014e   Section        0  libinit2.o(.ARM.Collect$$libinit$$00000015)
    .ARM.Collect$$libinit$$00000017          0x0000014e   Section        0  libinit2.o(.ARM.Collect$$libinit$$00000017)
    .ARM.Collect$$libinit$$00000019          0x0000014e   Section        0  libinit2.o(.ARM.Collect$$libinit$$00000019)
    .ARM.Collect$$libinit$$0000001B          0x0000014e   Section        0  libinit2.o(.ARM.Collect$$libinit$$0000001B)
    .ARM.Collect$$libinit$$0000001D          0x0000014e   Section        0  libinit2.o(.ARM.Collect$$libinit$$0000001D)
    .ARM.Collect$$libinit$$0000001F          0x0000014e   Section        0  libinit2.o(.ARM.Collect$$libinit$$0000001F)
    .ARM.Collect$$libinit$$00000021          0x0000014e   Section        0  libinit2.o(.ARM.Collect$$libinit$$00000021)
    .ARM.Collect$$libinit$$00000023          0x0000014e   Section        0  libinit2.o(.ARM.Collect$$libinit$$00000023)
    .ARM.Collect$$libinit$$00000025          0x0000014e   Section        0  libinit2.o(.ARM.Collect$$libinit$$00000025)
    .ARM.Collect$$libinit$$0000002C          0x0000014e   Section        0  libinit2.o(.ARM.Collect$$libinit$$0000002C)
    .ARM.Collect$$libinit$$0000002E          0x0000014e   Section        0  libinit2.o(.ARM.Collect$$libinit$$0000002E)
    .ARM.Collect$$libinit$$00000030          0x0000014e   Section        0  libinit2.o(.ARM.Collect$$libinit$$00000030)
    .ARM.Collect$$libinit$$00000032          0x0000014e   Section        0  libinit2.o(.ARM.Collect$$libinit$$00000032)
    .ARM.Collect$$libinit$$00000033          0x0000014e   Section        2  libinit2.o(.ARM.Collect$$libinit$$00000033)
    .ARM.Collect$$libshutdown$$00000000      0x00000150   Section        2  libshutdown.o(.ARM.Collect$$libshutdown$$00000000)
    .ARM.Collect$$libshutdown$$00000002      0x00000152   Section        0  libshutdown2.o(.ARM.Collect$$libshutdown$$00000002)
    .ARM.Collect$$libshutdown$$00000004      0x00000152   Section        0  libshutdown2.o(.ARM.Collect$$libshutdown$$00000004)
    .ARM.Collect$$libshutdown$$00000007      0x00000152   Section        0  libshutdown2.o(.ARM.Collect$$libshutdown$$00000007)
    .ARM.Collect$$libshutdown$$0000000A      0x00000152   Section        0  libshutdown2.o(.ARM.Collect$$libshutdown$$0000000A)
    .ARM.Collect$$libshutdown$$0000000C      0x00000152   Section        0  libshutdown2.o(.ARM.Collect$$libshutdown$$0000000C)
    .ARM.Collect$$libshutdown$$0000000F      0x00000152   Section        0  libshutdown2.o(.ARM.Collect$$libshutdown$$0000000F)
    .ARM.Collect$$libshutdown$$00000010      0x00000152   Section        2  libshutdown2.o(.ARM.Collect$$libshutdown$$00000010)
    .ARM.Collect$$rtentry$$00000000          0x00000154   Section        0  __rtentry.o(.ARM.Collect$$rtentry$$00000000)
    .ARM.Collect$$rtentry$$00000002          0x00000154   Section        0  __rtentry2.o(.ARM.Collect$$rtentry$$00000002)
    .ARM.Collect$$rtentry$$00000004          0x00000154   Section        6  __rtentry4.o(.ARM.Collect$$rtentry$$00000004)
    .ARM.Collect$$rtentry$$00000009          0x0000015a   Section        0  __rtentry2.o(.ARM.Collect$$rtentry$$00000009)
    .ARM.Collect$$rtentry$$0000000A          0x0000015a   Section        4  __rtentry2.o(.ARM.Collect$$rtentry$$0000000A)
    .ARM.Collect$$rtentry$$0000000C          0x0000015e   Section        0  __rtentry2.o(.ARM.Collect$$rtentry$$0000000C)
    .ARM.Collect$$rtentry$$0000000D          0x0000015e   Section        8  __rtentry2.o(.ARM.Collect$$rtentry$$0000000D)
    .ARM.Collect$$rtexit$$00000000           0x00000166   Section        2  rtexit.o(.ARM.Collect$$rtexit$$00000000)
    .ARM.Collect$$rtexit$$00000002           0x00000168   Section        0  rtexit2.o(.ARM.Collect$$rtexit$$00000002)
    .ARM.Collect$$rtexit$$00000003           0x00000168   Section        4  rtexit2.o(.ARM.Collect$$rtexit$$00000003)
    .ARM.Collect$$rtexit$$00000004           0x0000016c   Section        6  rtexit2.o(.ARM.Collect$$rtexit$$00000004)
    .text                                    0x00000174   Section       52  startup_mkl46z4.o(.text)
    .text                                    0x000001a8   Section        0  noretval__2sprintf.o(.text)
    .text                                    0x000001d0   Section        0  __printf.o(.text)
    .text                                    0x0000023c   Section        0  _printf_dec.o(.text)
    .text                                    0x000002a8   Section        0  heapauxi.o(.text)
    .text                                    0x000002ae   Section        0  _printf_intcommon.o(.text)
    .text                                    0x00000360   Section        0  _printf_char_common.o(.text)
    _printf_input_char                       0x00000361   Thumb Code    10  _printf_char_common.o(.text)
    .text                                    0x00000390   Section        0  _sputc.o(.text)
    .text                                    0x0000039a   Section        0  rtudiv10.o(.text)
    .text                                    0x000003c2   Section       62  sys_stackheap_outer.o(.text)
    .ARM.__at_0x400                          0x00000400   Section       16  startup_mkl46z4.o(.ARM.__at_0x400)
    .text                                    0x00000410   Section      346  aeabi_sdiv.o(.text)
    .text                                    0x0000056a   Section        0  exit.o(.text)
    .text                                    0x0000057c   Section        8  libspace.o(.text)
    .text                                    0x00000584   Section        0  sys_exit.o(.text)
    .text                                    0x00000590   Section        2  use_no_semi.o(.text)
    .text                                    0x00000592   Section        0  indicate_semi.o(.text)
    i.Clock_Config                           0x00000594   Section        0  main.o(i.Clock_Config)
    Clock_Config                             0x00000595   Thumb Code    84  main.o(i.Clock_Config)
    i.DMA0_IRQHandler                        0x000005f8   Section        0  ws2812.o(i.DMA0_IRQHandler)
    i.Delay_ms                               0x00000664   Section        0  main.o(i.Delay_ms)
    i.GPIO_ChangePortBitDirection            0x0000067c   Section        0  gpio.o(i.GPIO_ChangePortBitDirection)
    i.GPIO_ClearPortBit                      0x0000069e   Section        0  gpio.o(i.GPIO_ClearPortBit)
    i.GPIO_Config                            0x000006a8   Section        0  main.o(i.GPIO_Config)
    GPIO_Config                              0x000006a9   Thumb Code   100  main.o(i.GPIO_Config)
    i.GPIO_ReadPortBit                       0x0000071c   Section        0  gpio.o(i.GPIO_ReadPortBit)
    i.GPIO_SetPortBit                        0x00000728   Section        0  gpio.o(i.GPIO_SetPortBit)
    i.I2C_Disable                            0x00000730   Section        0  i2c.o(i.I2C_Disable)
    i.I2C_Enable                             0x0000073a   Section        0  i2c.o(i.I2C_Enable)
    i.I2C_Init                               0x00000744   Section        0  main.o(i.I2C_Init)
    I2C_Init                                 0x00000745   Thumb Code     8  main.o(i.I2C_Init)
    i.I2C_ReadByte                           0x00000750   Section        0  i2c.o(i.I2C_ReadByte)
    i.I2C_Restart                            0x000007b8   Section        0  i2c.o(i.I2C_Restart)
    i.I2C_Start                              0x000007c2   Section        0  i2c.o(i.I2C_Start)
    i.I2C_Stop                               0x000007cc   Section        0  i2c.o(i.I2C_Stop)
    i.I2C_WriteByte                          0x000007f2   Section        0  i2c.o(i.I2C_WriteByte)
    i.LCD_Config                             0x00000820   Section        0  main.o(i.LCD_Config)
    LCD_Config                               0x00000821   Thumb Code    12  main.o(i.LCD_Config)
    i.LCD_IRQHandler                         0x0000082c   Section        0  lcd.o(i.LCD_IRQHandler)
    i.NVIC_ClearPendingIRQ                   0x00000830   Section        0  ws2812.o(i.NVIC_ClearPendingIRQ)
    NVIC_ClearPendingIRQ                     0x00000831   Thumb Code    18  ws2812.o(i.NVIC_ClearPendingIRQ)
    i.NVIC_EnableIRQ                         0x00000848   Section        0  ws2812.o(i.NVIC_EnableIRQ)
    NVIC_EnableIRQ                           0x00000849   Thumb Code    18  ws2812.o(i.NVIC_EnableIRQ)
    i.NVIC_SetPriority                       0x00000860   Section        0  main.o(i.NVIC_SetPriority)
    NVIC_SetPriority                         0x00000861   Thumb Code   110  main.o(i.NVIC_SetPriority)
    i.ReadTemperature                        0x000008d8   Section        0  tc74.o(i.ReadTemperature)
    i.SLCD_ShowDecimalPointAt                0x00000924   Section        0  main.o(i.SLCD_ShowDecimalPointAt)
    i.SLCD_ShowMinus                         0x0000096c   Section        0  main.o(i.SLCD_ShowMinus)
    i.SLCD_ShowText                          0x000009c8   Section        0  main.o(i.SLCD_ShowText)
    i.SysTick_Handler                        0x00000a3c   Section        0  main.o(i.SysTick_Handler)
    i.SystemCoreClockUpdate                  0x00000a4c   Section        0  system_mkl46z4.o(i.SystemCoreClockUpdate)
    i.SystemInit                             0x00000ba8   Section        0  system_mkl46z4.o(i.SystemInit)
    i.TPM0_IRQHandler                        0x00000c14   Section        0  ws2812.o(i.TPM0_IRQHandler)
    i.__ARM_common_switch8                   0x00000c30   Section        0  system_mkl46z4.o(i.__ARM_common_switch8)
    i.clock_init                             0x00000c4c   Section        0  ws2812.o(i.clock_init)
    i.dma_data_init                          0x00000c8c   Section        0  ws2812.o(i.dma_data_init)
    i.dma_initial                            0x00000cf8   Section        0  ws2812.o(i.dma_initial)
    i.initialize_pixel_tables                0x00000d24   Section        0  ws2812.o(i.initialize_pixel_tables)
    i.io_init                                0x00000d60   Section        0  ws2812.o(i.io_init)
    i.main                                   0x00000d94   Section        0  main.o(i.main)
    i.set_pixel_color                        0x00000e9c   Section        0  ws2812.o(i.set_pixel_color)
    i.start_DMA                              0x00001048   Section        0  ws2812.o(i.start_DMA)
    i.tpm_init                               0x000010d0   Section        0  ws2812.o(i.tpm_init)
    i.vfnEnablePins                          0x00001108   Section        0  lcd.o(i.vfnEnablePins)
    i.vfnLCD_All_Segments_OFF                0x00001198   Section        0  lcd.o(i.vfnLCD_All_Segments_OFF)
    i.vfnLCD_Home                            0x000011c0   Section        0  lcd.o(i.vfnLCD_Home)
    i.vfnLCD_Init                            0x000011cc   Section        0  lcd.o(i.vfnLCD_Init)
    i.vfnLCD_Write_Char                      0x00001240   Section        0  lcd.o(i.vfnLCD_Write_Char)
    i.vfnLCD_interrupt_init                  0x000012ac   Section        0  lcd.o(i.vfnLCD_interrupt_init)
    i.wait_for_dma_done                      0x000012b0   Section        0  ws2812.o(i.wait_for_dma_done)
    .constdata                               0x000012c4   Section      128  lcd.o(.constdata)
    .constdata                               0x00001344   Section      110  s401.o(.constdata)
    .data                                    0x1fffe000   Section        4  main.o(.data)
    .data                                    0x1fffe004   Section      244  lcd.o(.data)
    .data                                    0x1fffe0f8   Section       13  ws2812.o(.data)
    .data                                    0x1fffe108   Section        4  system_mkl46z4.o(.data)
    .bss                                     0x1fffe10c   Section      102  ws2812.o(.bss)
    .bss                                     0x1fffe174   Section       96  libspace.o(.bss)
    HEAP                                     0x1fffe1d8   Section        0  startup_mkl46z4.o(HEAP)
    STACK                                    0x1fffe1d8   Section      256  startup_mkl46z4.o(STACK)
    Heap_Mem                                 0x1fffe1d8   Data           0  startup_mkl46z4.o(HEAP)
    Stack_Mem                                0x1fffe1d8   Data         256  startup_mkl46z4.o(STACK)
    __initial_sp                             0x1fffe2d8   Data           0  startup_mkl46z4.o(STACK)

    Global Symbols

    Symbol Name                              Value     Ov Type        Size  Object(Section)

    BuildAttributes$$THM_ISAv3M$S$PE$A:L22$X:L11$S22$IEEE1$IW$USESV6$~STKCKD$USESV7$~SHL$OSPACE$ROPI$EBA8$UX$STANDARDLIB$REQ8$PRES8$EABIv2 0x00000000   Number         0  anon$$obj.o ABSOLUTE
    __ARM_use_no_argv                        0x00000000   Number         0  main.o ABSOLUTE
    __Vectors                                0x00000000   Data           4  startup_mkl46z4.o(RESET)
    __ARM_exceptions_init                     - Undefined Weak Reference
    __alloca_initialize                       - Undefined Weak Reference
    __arm_preinit_                            - Undefined Weak Reference
    __cpp_initialize__aeabi_                  - Undefined Weak Reference
    __cxa_finalize                            - Undefined Weak Reference
    __rt_locale                               - Undefined Weak Reference
    __sigvec_lookup                           - Undefined Weak Reference
    _atexit_init                              - Undefined Weak Reference
    _call_atexit_fns                          - Undefined Weak Reference
    _clock_init                               - Undefined Weak Reference
    _fp_trap_init                             - Undefined Weak Reference
    _fp_trap_shutdown                         - Undefined Weak Reference
    _get_lc_collate                           - Undefined Weak Reference
    _get_lc_ctype                             - Undefined Weak Reference
    _get_lc_monetary                          - Undefined Weak Reference
    _get_lc_numeric                           - Undefined Weak Reference
    _get_lc_time                              - Undefined Weak Reference
    _getenv_init                              - Undefined Weak Reference
    _handle_redirection                       - Undefined Weak Reference
    _init_alloc                               - Undefined Weak Reference
    _init_user_alloc                          - Undefined Weak Reference
    _initio                                   - Undefined Weak Reference
    _printf_post_padding                      - Undefined Weak Reference
    _printf_pre_padding                       - Undefined Weak Reference
    _printf_truncate_signed                   - Undefined Weak Reference
    _printf_truncate_unsigned                 - Undefined Weak Reference
    _rand_init                                - Undefined Weak Reference
    _signal_finish                            - Undefined Weak Reference
    _signal_init                              - Undefined Weak Reference
    _terminate_alloc                          - Undefined Weak Reference
    _terminate_user_alloc                     - Undefined Weak Reference
    _terminateio                              - Undefined Weak Reference
    __Vectors_End                            0x000000c0   Data           0  startup_mkl46z4.o(RESET)
    __Vectors_Size                           0x000000c0   Number         0  startup_mkl46z4.o ABSOLUTE
    __main                                   0x000000c1   Thumb Code     8  __main.o(!!!main)
    __scatterload                            0x000000c9   Thumb Code     0  __scatter.o(!!!scatter)
    __scatterload_rt2                        0x000000c9   Thumb Code    52  __scatter.o(!!!scatter)
    __scatterload_rt2_thumb_only             0x000000c9   Thumb Code     0  __scatter.o(!!!scatter)
    __scatterload_null                       0x000000d9   Thumb Code     0  __scatter.o(!!!scatter)
    __scatterload_copy                       0x00000105   Thumb Code    26  __scatter_copy.o(!!handler_copy)
    __scatterload_zeroinit                   0x00000121   Thumb Code    28  __scatter_zi.o(!!handler_zi)
    _printf_percent                          0x0000013d   Thumb Code     0  _printf_percent.o(.ARM.Collect$$_printf_percent$$00000000)
    _printf_d                                0x0000013f   Thumb Code     0  _printf_d.o(.ARM.Collect$$_printf_percent$$00000009)
    _printf_percent_end                      0x00000149   Thumb Code     0  _printf_percent_end.o(.ARM.Collect$$_printf_percent$$00000017)
    __rt_lib_init                            0x0000014d   Thumb Code     0  libinit.o(.ARM.Collect$$libinit$$00000000)
    __rt_lib_init_alloca_1                   0x0000014f   Thumb Code     0  libinit2.o(.ARM.Collect$$libinit$$0000002E)
    __rt_lib_init_argv_1                     0x0000014f   Thumb Code     0  libinit2.o(.ARM.Collect$$libinit$$0000002C)
    __rt_lib_init_atexit_1                   0x0000014f   Thumb Code     0  libinit2.o(.ARM.Collect$$libinit$$0000001B)
    __rt_lib_init_clock_1                    0x0000014f   Thumb Code     0  libinit2.o(.ARM.Collect$$libinit$$00000021)
    __rt_lib_init_cpp_1                      0x0000014f   Thumb Code     0  libinit2.o(.ARM.Collect$$libinit$$00000032)
    __rt_lib_init_exceptions_1               0x0000014f   Thumb Code     0  libinit2.o(.ARM.Collect$$libinit$$00000030)
    __rt_lib_init_fp_1                       0x0000014f   Thumb Code     0  libinit2.o(.ARM.Collect$$libinit$$00000002)
    __rt_lib_init_fp_trap_1                  0x0000014f   Thumb Code     0  libinit2.o(.ARM.Collect$$libinit$$0000001F)
    __rt_lib_init_getenv_1                   0x0000014f   Thumb Code     0  libinit2.o(.ARM.Collect$$libinit$$00000023)
    __rt_lib_init_heap_1                     0x0000014f   Thumb Code     0  libinit2.o(.ARM.Collect$$libinit$$0000000A)
    __rt_lib_init_lc_collate_1               0x0000014f   Thumb Code     0  libinit2.o(.ARM.Collect$$libinit$$00000011)
    __rt_lib_init_lc_ctype_1                 0x0000014f   Thumb Code     0  libinit2.o(.ARM.Collect$$libinit$$00000013)
    __rt_lib_init_lc_monetary_1              0x0000014f   Thumb Code     0  libinit2.o(.ARM.Collect$$libinit$$00000015)
    __rt_lib_init_lc_numeric_1               0x0000014f   Thumb Code     0  libinit2.o(.ARM.Collect$$libinit$$00000017)
    __rt_lib_init_lc_time_1                  0x0000014f   Thumb Code     0  libinit2.o(.ARM.Collect$$libinit$$00000019)
    __rt_lib_init_preinit_1                  0x0000014f   Thumb Code     0  libinit2.o(.ARM.Collect$$libinit$$00000004)
    __rt_lib_init_rand_1                     0x0000014f   Thumb Code     0  libinit2.o(.ARM.Collect$$libinit$$0000000E)
    __rt_lib_init_return                     0x0000014f   Thumb Code     0  libinit2.o(.ARM.Collect$$libinit$$00000033)
    __rt_lib_init_signal_1                   0x0000014f   Thumb Code     0  libinit2.o(.ARM.Collect$$libinit$$0000001D)
    __rt_lib_init_stdio_1                    0x0000014f   Thumb Code     0  libinit2.o(.ARM.Collect$$libinit$$00000025)
    __rt_lib_init_user_alloc_1               0x0000014f   Thumb Code     0  libinit2.o(.ARM.Collect$$libinit$$0000000C)
    __rt_lib_shutdown                        0x00000151   Thumb Code     0  libshutdown.o(.ARM.Collect$$libshutdown$$00000000)
    __rt_lib_shutdown_cpp_1                  0x00000153   Thumb Code     0  libshutdown2.o(.ARM.Collect$$libshutdown$$00000002)
    __rt_lib_shutdown_fp_trap_1              0x00000153   Thumb Code     0  libshutdown2.o(.ARM.Collect$$libshutdown$$00000007)
    __rt_lib_shutdown_heap_1                 0x00000153   Thumb Code     0  libshutdown2.o(.ARM.Collect$$libshutdown$$0000000F)
    __rt_lib_shutdown_return                 0x00000153   Thumb Code     0  libshutdown2.o(.ARM.Collect$$libshutdown$$00000010)
    __rt_lib_shutdown_signal_1               0x00000153   Thumb Code     0  libshutdown2.o(.ARM.Collect$$libshutdown$$0000000A)
    __rt_lib_shutdown_stdio_1                0x00000153   Thumb Code     0  libshutdown2.o(.ARM.Collect$$libshutdown$$00000004)
    __rt_lib_shutdown_user_alloc_1           0x00000153   Thumb Code     0  libshutdown2.o(.ARM.Collect$$libshutdown$$0000000C)
    __rt_entry                               0x00000155   Thumb Code     0  __rtentry.o(.ARM.Collect$$rtentry$$00000000)
    __rt_entry_presh_1                       0x00000155   Thumb Code     0  __rtentry2.o(.ARM.Collect$$rtentry$$00000002)
    __rt_entry_sh                            0x00000155   Thumb Code     0  __rtentry4.o(.ARM.Collect$$rtentry$$00000004)
    __rt_entry_li                            0x0000015b   Thumb Code     0  __rtentry2.o(.ARM.Collect$$rtentry$$0000000A)
    __rt_entry_postsh_1                      0x0000015b   Thumb Code     0  __rtentry2.o(.ARM.Collect$$rtentry$$00000009)
    __rt_entry_main                          0x0000015f   Thumb Code     0  __rtentry2.o(.ARM.Collect$$rtentry$$0000000D)
    __rt_entry_postli_1                      0x0000015f   Thumb Code     0  __rtentry2.o(.ARM.Collect$$rtentry$$0000000C)
    __rt_exit                                0x00000167   Thumb Code     0  rtexit.o(.ARM.Collect$$rtexit$$00000000)
    __rt_exit_ls                             0x00000169   Thumb Code     0  rtexit2.o(.ARM.Collect$$rtexit$$00000003)
    __rt_exit_prels_1                        0x00000169   Thumb Code     0  rtexit2.o(.ARM.Collect$$rtexit$$00000002)
    __rt_exit_exit                           0x0000016d   Thumb Code     0  rtexit2.o(.ARM.Collect$$rtexit$$00000004)
    Reset_Handler                            0x00000175   Thumb Code     8  startup_mkl46z4.o(.text)
    NMI_Handler                              0x0000017d   Thumb Code     2  startup_mkl46z4.o(.text)
    HardFault_Handler                        0x0000017f   Thumb Code     2  startup_mkl46z4.o(.text)
    SVC_Handler                              0x00000181   Thumb Code     2  startup_mkl46z4.o(.text)
    PendSV_Handler                           0x00000183   Thumb Code     2  startup_mkl46z4.o(.text)
    ADC0_IRQHandler                          0x00000187   Thumb Code     0  startup_mkl46z4.o(.text)
    CMP0_IRQHandler                          0x00000187   Thumb Code     0  startup_mkl46z4.o(.text)
    DAC0_IRQHandler                          0x00000187   Thumb Code     0  startup_mkl46z4.o(.text)
    DMA1_IRQHandler                          0x00000187   Thumb Code     0  startup_mkl46z4.o(.text)
    DMA2_IRQHandler                          0x00000187   Thumb Code     0  startup_mkl46z4.o(.text)
    DMA3_IRQHandler                          0x00000187   Thumb Code     0  startup_mkl46z4.o(.text)
    DefaultISR                               0x00000187   Thumb Code     0  startup_mkl46z4.o(.text)
    FTFA_IRQHandler                          0x00000187   Thumb Code     0  startup_mkl46z4.o(.text)
    I2C0_IRQHandler                          0x00000187   Thumb Code     0  startup_mkl46z4.o(.text)
    I2C1_IRQHandler                          0x00000187   Thumb Code     0  startup_mkl46z4.o(.text)
    I2S0_IRQHandler                          0x00000187   Thumb Code     0  startup_mkl46z4.o(.text)
    LLW_IRQHandler                           0x00000187   Thumb Code     0  startup_mkl46z4.o(.text)
    LPTimer_IRQHandler                       0x00000187   Thumb Code     0  startup_mkl46z4.o(.text)
    LVD_LVW_IRQHandler                       0x00000187   Thumb Code     0  startup_mkl46z4.o(.text)
    MCG_IRQHandler                           0x00000187   Thumb Code     0  startup_mkl46z4.o(.text)
    PIT_IRQHandler                           0x00000187   Thumb Code     0  startup_mkl46z4.o(.text)
    PORTA_IRQHandler                         0x00000187   Thumb Code     0  startup_mkl46z4.o(.text)
    PORTC_PORTD_IRQHandler                   0x00000187   Thumb Code     0  startup_mkl46z4.o(.text)
    RTC_IRQHandler                           0x00000187   Thumb Code     0  startup_mkl46z4.o(.text)
    RTC_Seconds_IRQHandler                   0x00000187   Thumb Code     0  startup_mkl46z4.o(.text)
    Reserved20_IRQHandler                    0x00000187   Thumb Code     0  startup_mkl46z4.o(.text)
    SPI0_IRQHandler                          0x00000187   Thumb Code     0  startup_mkl46z4.o(.text)
    SPI1_IRQHandler                          0x00000187   Thumb Code     0  startup_mkl46z4.o(.text)
    TPM1_IRQHandler                          0x00000187   Thumb Code     0  startup_mkl46z4.o(.text)
    TPM2_IRQHandler                          0x00000187   Thumb Code     0  startup_mkl46z4.o(.text)
    TSI0_IRQHandler                          0x00000187   Thumb Code     0  startup_mkl46z4.o(.text)
    UART0_IRQHandler                         0x00000187   Thumb Code     0  startup_mkl46z4.o(.text)
    UART1_IRQHandler                         0x00000187   Thumb Code     0  startup_mkl46z4.o(.text)
    UART2_IRQHandler                         0x00000187   Thumb Code     0  startup_mkl46z4.o(.text)
    USB0_IRQHandler                          0x00000187   Thumb Code     0  startup_mkl46z4.o(.text)
    __user_initial_stackheap                 0x00000189   Thumb Code     0  startup_mkl46z4.o(.text)
    __2sprintf                               0x000001a9   Thumb Code    36  noretval__2sprintf.o(.text)
    __printf                                 0x000001d1   Thumb Code   108  __printf.o(.text)
    _printf_int_dec                          0x0000023d   Thumb Code    90  _printf_dec.o(.text)
    __use_two_region_memory                  0x000002a9   Thumb Code     2  heapauxi.o(.text)
    __rt_heap_escrow$2region                 0x000002ab   Thumb Code     2  heapauxi.o(.text)
    __rt_heap_expand$2region                 0x000002ad   Thumb Code     2  heapauxi.o(.text)
    _printf_int_common                       0x000002af   Thumb Code   176  _printf_intcommon.o(.text)
    _printf_char_common                      0x0000036b   Thumb Code    32  _printf_char_common.o(.text)
    _sputc                                   0x00000391   Thumb Code    10  _sputc.o(.text)
    __rt_udiv10                              0x0000039b   Thumb Code    40  rtudiv10.o(.text)
    __user_setup_stackheap                   0x000003c3   Thumb Code    62  sys_stackheap_outer.o(.text)
    __aeabi_uidiv                            0x00000411   Thumb Code     0  aeabi_sdiv.o(.text)
    __aeabi_uidivmod                         0x00000411   Thumb Code    20  aeabi_sdiv.o(.text)
    __aeabi_idiv                             0x00000425   Thumb Code     0  aeabi_sdiv.o(.text)
    __aeabi_idivmod                          0x00000425   Thumb Code   326  aeabi_sdiv.o(.text)
    exit                                     0x0000056b   Thumb Code    16  exit.o(.text)
    __user_libspace                          0x0000057d   Thumb Code     8  libspace.o(.text)
    __user_perproc_libspace                  0x0000057d   Thumb Code     0  libspace.o(.text)
    __user_perthread_libspace                0x0000057d   Thumb Code     0  libspace.o(.text)
    _sys_exit                                0x00000585   Thumb Code     8  sys_exit.o(.text)
    __I$use$semihosting                      0x00000591   Thumb Code     0  use_no_semi.o(.text)
    __use_no_semihosting_swi                 0x00000591   Thumb Code     2  use_no_semi.o(.text)
    __semihosting_library_function           0x00000593   Thumb Code     0  indicate_semi.o(.text)
    DMA0_IRQHandler                          0x000005f9   Thumb Code    94  ws2812.o(i.DMA0_IRQHandler)
    Delay_ms                                 0x00000665   Thumb Code    18  main.o(i.Delay_ms)
    GPIO_ChangePortBitDirection              0x0000067d   Thumb Code    34  gpio.o(i.GPIO_ChangePortBitDirection)
    GPIO_ClearPortBit                        0x0000069f   Thumb Code     8  gpio.o(i.GPIO_ClearPortBit)
    GPIO_ReadPortBit                         0x0000071d   Thumb Code    12  gpio.o(i.GPIO_ReadPortBit)
    GPIO_SetPortBit                          0x00000729   Thumb Code     8  gpio.o(i.GPIO_SetPortBit)
    I2C_Disable                              0x00000731   Thumb Code    10  i2c.o(i.I2C_Disable)
    I2C_Enable                               0x0000073b   Thumb Code    10  i2c.o(i.I2C_Enable)
    I2C_ReadByte                             0x00000751   Thumb Code   104  i2c.o(i.I2C_ReadByte)
    I2C_Restart                              0x000007b9   Thumb Code    10  i2c.o(i.I2C_Restart)
    I2C_Start                                0x000007c3   Thumb Code    10  i2c.o(i.I2C_Start)
    I2C_Stop                                 0x000007cd   Thumb Code    38  i2c.o(i.I2C_Stop)
    I2C_WriteByte                            0x000007f3   Thumb Code    46  i2c.o(i.I2C_WriteByte)
    LCD_IRQHandler                           0x0000082d   Thumb Code     2  lcd.o(i.LCD_IRQHandler)
    ReadTemperature                          0x000008d9   Thumb Code    70  tc74.o(i.ReadTemperature)
    SLCD_ShowDecimalPointAt                  0x00000925   Thumb Code    66  main.o(i.SLCD_ShowDecimalPointAt)
    SLCD_ShowMinus                           0x0000096d   Thumb Code    88  main.o(i.SLCD_ShowMinus)
    SLCD_ShowText                            0x000009c9   Thumb Code   114  main.o(i.SLCD_ShowText)
    SysTick_Handler                          0x00000a3d   Thumb Code    12  main.o(i.SysTick_Handler)
    SystemCoreClockUpdate                    0x00000a4d   Thumb Code   320  system_mkl46z4.o(i.SystemCoreClockUpdate)
    SystemInit                               0x00000ba9   Thumb Code    94  system_mkl46z4.o(i.SystemInit)
    TPM0_IRQHandler                          0x00000c15   Thumb Code    18  ws2812.o(i.TPM0_IRQHandler)
    __ARM_common_switch8                     0x00000c31   Thumb Code    28  system_mkl46z4.o(i.__ARM_common_switch8)
    clock_init                               0x00000c4d   Thumb Code    56  ws2812.o(i.clock_init)
    dma_data_init                            0x00000c8d   Thumb Code   102  ws2812.o(i.dma_data_init)
    dma_initial                              0x00000cf9   Thumb Code    38  ws2812.o(i.dma_initial)
    initialize_pixel_tables                  0x00000d25   Thumb Code    46  ws2812.o(i.initialize_pixel_tables)
    io_init                                  0x00000d61   Thumb Code    38  ws2812.o(i.io_init)
    main                                     0x00000d95   Thumb Code   256  main.o(i.main)
    set_pixel_color                          0x00000e9d   Thumb Code   418  ws2812.o(i.set_pixel_color)
    start_DMA                                0x00001049   Thumb Code   106  ws2812.o(i.start_DMA)
    tpm_init                                 0x000010d1   Thumb Code    52  ws2812.o(i.tpm_init)
    vfnEnablePins                            0x00001109   Thumb Code   132  lcd.o(i.vfnEnablePins)
    vfnLCD_All_Segments_OFF                  0x00001199   Thumb Code    30  lcd.o(i.vfnLCD_All_Segments_OFF)
    vfnLCD_Home                              0x000011c1   Thumb Code     8  lcd.o(i.vfnLCD_Home)
    vfnLCD_Init                              0x000011cd   Thumb Code    86  lcd.o(i.vfnLCD_Init)
    vfnLCD_Write_Char                        0x00001241   Thumb Code    90  lcd.o(i.vfnLCD_Write_Char)
    vfnLCD_interrupt_init                    0x000012ad   Thumb Code     2  lcd.o(i.vfnLCD_interrupt_init)
    wait_for_dma_done                        0x000012b1   Thumb Code    14  ws2812.o(i.wait_for_dma_done)
    MASK_BIT                                 0x000012c4   Data         128  lcd.o(.constdata)
    WF_ORDERING_TABLE                        0x00001344   Data          12  s401.o(.constdata)
    ASCII_TO_WF_CODIFICATION_TABLE           0x00001350   Data          98  s401.o(.constdata)
    Region$$Table$$Base                      0x000013b4   Number         0  anon$$obj.o(Region$$Table)
    Region$$Table$$Limit                     0x000013d4   Number         0  anon$$obj.o(Region$$Table)
    msTicks                                  0x1fffe000   Data           4  main.o(.data)
    bLCD_CharPosition                        0x1fffe004   Data           1  lcd.o(.data)
    lcd_alternate_mode                       0x1fffe005   Data           1  lcd.o(.data)
    bflgLCD_Scroll                           0x1fffe006   Data           1  lcd.o(.data)
    LCD_TO_PORT                              0x1fffe008   Data         240  lcd.o(.data)
    pixel_table                              0x1fffe0f8   Data           6  ws2812.o(.data)
    num_LEDs                                 0x1fffe0fe   Data           2  ws2812.o(.data)
    pin_mask                                 0x1fffe100   Data           4  ws2812.o(.data)
    dma_done                                 0x1fffe104   Data           1  ws2812.o(.data)
    SystemCoreClock                          0x1fffe108   Data           4  system_mkl46z4.o(.data)
    dma_data                                 0x1fffe10c   Data         102  ws2812.o(.bss)
    __libspace_start                         0x1fffe174   Data          96  libspace.o(.bss)
    __temporary_stack_top$libspace           0x1fffe1d4   Data           0  libspace.o(.bss)



==============================================================================

Memory Map of the image

  Image Entry point : 0x00000175

  Load Region LR_1 (Base: 0x00000000, Size: 0x000014e0, Max: 0xffffffff, ABSOLUTE)

    Execution Region ER_RO (Base: 0x00000000, Size: 0x000013d4, Max: 0xffffffff, ABSOLUTE)

    Base Addr    Size         Type   Attr      Idx    E Section Name        Object

    0x00000000   0x000000c0   Data   RO          545    RESET               startup_mkl46z4.o
    0x000000c0   0x00000008   Code   RO          625  * !!!main             c_p.l(__main.o)
    0x000000c8   0x0000003c   Code   RO          805    !!!scatter          c_p.l(__scatter.o)
    0x00000104   0x0000001a   Code   RO          807    !!handler_copy      c_p.l(__scatter_copy.o)
    0x0000011e   0x00000002   PAD
    0x00000120   0x0000001c   Code   RO          809    !!handler_zi        c_p.l(__scatter_zi.o)
    0x0000013c   0x00000002   Code   RO          618    .ARM.Collect$$_printf_percent$$00000000  c_p.l(_printf_percent.o)
    0x0000013e   0x0000000a   Code   RO          617    .ARM.Collect$$_printf_percent$$00000009  c_p.l(_printf_d.o)
    0x00000148   0x00000004   Code   RO          638    .ARM.Collect$$_printf_percent$$00000017  c_p.l(_printf_percent_end.o)
    0x0000014c   0x00000002   Code   RO          674    .ARM.Collect$$libinit$$00000000  c_p.l(libinit.o)
    0x0000014e   0x00000000   Code   RO          688    .ARM.Collect$$libinit$$00000002  c_p.l(libinit2.o)
    0x0000014e   0x00000000   Code   RO          690    .ARM.Collect$$libinit$$00000004  c_p.l(libinit2.o)
    0x0000014e   0x00000000   Code   RO          693    .ARM.Collect$$libinit$$0000000A  c_p.l(libinit2.o)
    0x0000014e   0x00000000   Code   RO          695    .ARM.Collect$$libinit$$0000000C  c_p.l(libinit2.o)
    0x0000014e   0x00000000   Code   RO          697    .ARM.Collect$$libinit$$0000000E  c_p.l(libinit2.o)
    0x0000014e   0x00000000   Code   RO          700    .ARM.Collect$$libinit$$00000011  c_p.l(libinit2.o)
    0x0000014e   0x00000000   Code   RO          702    .ARM.Collect$$libinit$$00000013  c_p.l(libinit2.o)
    0x0000014e   0x00000000   Code   RO          704    .ARM.Collect$$libinit$$00000015  c_p.l(libinit2.o)
    0x0000014e   0x00000000   Code   RO          706    .ARM.Collect$$libinit$$00000017  c_p.l(libinit2.o)
    0x0000014e   0x00000000   Code   RO          708    .ARM.Collect$$libinit$$00000019  c_p.l(libinit2.o)
    0x0000014e   0x00000000   Code   RO          710    .ARM.Collect$$libinit$$0000001B  c_p.l(libinit2.o)
    0x0000014e   0x00000000   Code   RO          712    .ARM.Collect$$libinit$$0000001D  c_p.l(libinit2.o)
    0x0000014e   0x00000000   Code   RO          714    .ARM.Collect$$libinit$$0000001F  c_p.l(libinit2.o)
    0x0000014e   0x00000000   Code   RO          716    .ARM.Collect$$libinit$$00000021  c_p.l(libinit2.o)
    0x0000014e   0x00000000   Code   RO          718    .ARM.Collect$$libinit$$00000023  c_p.l(libinit2.o)
    0x0000014e   0x00000000   Code   RO          720    .ARM.Collect$$libinit$$00000025  c_p.l(libinit2.o)
    0x0000014e   0x00000000   Code   RO          724    .ARM.Collect$$libinit$$0000002C  c_p.l(libinit2.o)
    0x0000014e   0x00000000   Code   RO          726    .ARM.Collect$$libinit$$0000002E  c_p.l(libinit2.o)
    0x0000014e   0x00000000   Code   RO          728    .ARM.Collect$$libinit$$00000030  c_p.l(libinit2.o)
    0x0000014e   0x00000000   Code   RO          730    .ARM.Collect$$libinit$$00000032  c_p.l(libinit2.o)
    0x0000014e   0x00000002   Code   RO          731    .ARM.Collect$$libinit$$00000033  c_p.l(libinit2.o)
    0x00000150   0x00000002   Code   RO          762    .ARM.Collect$$libshutdown$$00000000  c_p.l(libshutdown.o)
    0x00000152   0x00000000   Code   RO          788    .ARM.Collect$$libshutdown$$00000002  c_p.l(libshutdown2.o)
    0x00000152   0x00000000   Code   RO          790    .ARM.Collect$$libshutdown$$00000004  c_p.l(libshutdown2.o)
    0x00000152   0x00000000   Code   RO          793    .ARM.Collect$$libshutdown$$00000007  c_p.l(libshutdown2.o)
    0x00000152   0x00000000   Code   RO          796    .ARM.Collect$$libshutdown$$0000000A  c_p.l(libshutdown2.o)
    0x00000152   0x00000000   Code   RO          798    .ARM.Collect$$libshutdown$$0000000C  c_p.l(libshutdown2.o)
    0x00000152   0x00000000   Code   RO          801    .ARM.Collect$$libshutdown$$0000000F  c_p.l(libshutdown2.o)
    0x00000152   0x00000002   Code   RO          802    .ARM.Collect$$libshutdown$$00000010  c_p.l(libshutdown2.o)
    0x00000154   0x00000000   Code   RO          627    .ARM.Collect$$rtentry$$00000000  c_p.l(__rtentry.o)
    0x00000154   0x00000000   Code   RO          642    .ARM.Collect$$rtentry$$00000002  c_p.l(__rtentry2.o)
    0x00000154   0x00000006   Code   RO          654    .ARM.Collect$$rtentry$$00000004  c_p.l(__rtentry4.o)
    0x0000015a   0x00000000   Code   RO          644    .ARM.Collect$$rtentry$$00000009  c_p.l(__rtentry2.o)
    0x0000015a   0x00000004   Code   RO          645    .ARM.Collect$$rtentry$$0000000A  c_p.l(__rtentry2.o)
    0x0000015e   0x00000000   Code   RO          647    .ARM.Collect$$rtentry$$0000000C  c_p.l(__rtentry2.o)
    0x0000015e   0x00000008   Code   RO          648    .ARM.Collect$$rtentry$$0000000D  c_p.l(__rtentry2.o)
    0x00000166   0x00000002   Code   RO          679    .ARM.Collect$$rtexit$$00000000  c_p.l(rtexit.o)
    0x00000168   0x00000000   Code   RO          735    .ARM.Collect$$rtexit$$00000002  c_p.l(rtexit2.o)
    0x00000168   0x00000004   Code   RO          736    .ARM.Collect$$rtexit$$00000003  c_p.l(rtexit2.o)
    0x0000016c   0x00000006   Code   RO          737    .ARM.Collect$$rtexit$$00000004  c_p.l(rtexit2.o)
    0x00000172   0x00000002   PAD
    0x00000174   0x00000034   Code   RO          547  * .text               startup_mkl46z4.o
    0x000001a8   0x00000028   Code   RO          591    .text               c_p.l(noretval__2sprintf.o)
    0x000001d0   0x0000006c   Code   RO          593    .text               c_p.l(__printf.o)
    0x0000023c   0x0000006c   Code   RO          595    .text               c_p.l(_printf_dec.o)
    0x000002a8   0x00000006   Code   RO          623    .text               c_p.l(heapauxi.o)
    0x000002ae   0x000000b0   Code   RO          632    .text               c_p.l(_printf_intcommon.o)
    0x0000035e   0x00000002   PAD
    0x00000360   0x00000030   Code   RO          634    .text               c_p.l(_printf_char_common.o)
    0x00000390   0x0000000a   Code   RO          636    .text               c_p.l(_sputc.o)
    0x0000039a   0x00000028   Code   RO          639    .text               c_p.l(rtudiv10.o)
    0x000003c2   0x0000003e   Code   RO          660    .text               c_p.l(sys_stackheap_outer.o)
    0x00000400   0x00000010   Code   RO          546    .ARM.__at_0x400     startup_mkl46z4.o
    0x00000410   0x0000015a   Code   RO          619    .text               c_p.l(aeabi_sdiv.o)
    0x0000056a   0x00000010   Code   RO          663    .text               c_p.l(exit.o)
    0x0000057a   0x00000002   PAD
    0x0000057c   0x00000008   Code   RO          675    .text               c_p.l(libspace.o)
    0x00000584   0x0000000c   Code   RO          732    .text               c_p.l(sys_exit.o)
    0x00000590   0x00000002   Code   RO          751    .text               c_p.l(use_no_semi.o)
    0x00000592   0x00000000   Code   RO          753    .text               c_p.l(indicate_semi.o)
    0x00000592   0x00000002   PAD
    0x00000594   0x00000064   Code   RO            3    i.Clock_Config      main.o
    0x000005f8   0x0000006c   Code   RO          447    i.DMA0_IRQHandler   ws2812.o
    0x00000664   0x00000018   Code   RO            4    i.Delay_ms          main.o
    0x0000067c   0x00000022   Code   RO          151    i.GPIO_ChangePortBitDirection  gpio.o
    0x0000069e   0x00000008   Code   RO          152    i.GPIO_ClearPortBit  gpio.o
    0x000006a6   0x00000002   PAD
    0x000006a8   0x00000074   Code   RO            5    i.GPIO_Config       main.o
    0x0000071c   0x0000000c   Code   RO          153    i.GPIO_ReadPortBit  gpio.o
    0x00000728   0x00000008   Code   RO          154    i.GPIO_SetPortBit   gpio.o
    0x00000730   0x0000000a   Code   RO          204    i.I2C_Disable       i2c.o
    0x0000073a   0x0000000a   Code   RO          206    i.I2C_Enable        i2c.o
    0x00000744   0x0000000c   Code   RO            6    i.I2C_Init          main.o
    0x00000750   0x00000068   Code   RO          208    i.I2C_ReadByte      i2c.o
    0x000007b8   0x0000000a   Code   RO          209    i.I2C_Restart       i2c.o
    0x000007c2   0x0000000a   Code   RO          210    i.I2C_Start         i2c.o
    0x000007cc   0x00000026   Code   RO          211    i.I2C_Stop          i2c.o
    0x000007f2   0x0000002e   Code   RO          212    i.I2C_WriteByte     i2c.o
    0x00000820   0x0000000c   Code   RO            7    i.LCD_Config        main.o
    0x0000082c   0x00000002   Code   RO          273    i.LCD_IRQHandler    lcd.o
    0x0000082e   0x00000002   PAD
    0x00000830   0x00000018   Code   RO          448    i.NVIC_ClearPendingIRQ  ws2812.o
    0x00000848   0x00000018   Code   RO          449    i.NVIC_EnableIRQ    ws2812.o
    0x00000860   0x00000078   Code   RO            8    i.NVIC_SetPriority  main.o
    0x000008d8   0x0000004c   Code   RO          421    i.ReadTemperature   tc74.o
    0x00000924   0x00000048   Code   RO           12    i.SLCD_ShowDecimalPointAt  main.o
    0x0000096c   0x0000005c   Code   RO           13    i.SLCD_ShowMinus    main.o
    0x000009c8   0x00000072   Code   RO           14    i.SLCD_ShowText     main.o
    0x00000a3a   0x00000002   PAD
    0x00000a3c   0x00000010   Code   RO           15    i.SysTick_Handler   main.o
    0x00000a4c   0x0000015c   Code   RO          555    i.SystemCoreClockUpdate  system_mkl46z4.o
    0x00000ba8   0x0000006c   Code   RO          556    i.SystemInit        system_mkl46z4.o
    0x00000c14   0x0000001c   Code   RO          450    i.TPM0_IRQHandler   ws2812.o
    0x00000c30   0x0000001c   Code   RO          579    i.__ARM_common_switch8  system_mkl46z4.o
    0x00000c4c   0x00000040   Code   RO          451    i.clock_init        ws2812.o
    0x00000c8c   0x0000006c   Code   RO          452    i.dma_data_init     ws2812.o
    0x00000cf8   0x0000002c   Code   RO          453    i.dma_initial       ws2812.o
    0x00000d24   0x0000003c   Code   RO          454    i.initialize_pixel_tables  ws2812.o
    0x00000d60   0x00000034   Code   RO          455    i.io_init           ws2812.o
    0x00000d94   0x00000108   Code   RO           16    i.main              main.o
    0x00000e9c   0x000001ac   Code   RO          456    i.set_pixel_color   ws2812.o
    0x00001048   0x00000088   Code   RO          457    i.start_DMA         ws2812.o
    0x000010d0   0x00000038   Code   RO          458    i.tpm_init          ws2812.o
    0x00001108   0x00000090   Code   RO          278    i.vfnEnablePins     lcd.o
    0x00001198   0x00000028   Code   RO          280    i.vfnLCD_All_Segments_OFF  lcd.o
    0x000011c0   0x0000000c   Code   RO          283    i.vfnLCD_Home       lcd.o
    0x000011cc   0x00000074   Code   RO          284    i.vfnLCD_Init       lcd.o
    0x00001240   0x0000006c   Code   RO          285    i.vfnLCD_Write_Char  lcd.o
    0x000012ac   0x00000002   Code   RO          288    i.vfnLCD_interrupt_init  lcd.o
    0x000012ae   0x00000002   PAD
    0x000012b0   0x00000014   Code   RO          459    i.wait_for_dma_done  ws2812.o
    0x000012c4   0x00000080   Data   RO          291    .constdata          lcd.o
    0x00001344   0x0000006e   Data   RO          407    .constdata          s401.o
    0x000013b2   0x00000002   PAD
    0x000013b4   0x00000020   Data   RO          803    Region$$Table       anon$$obj.o


    Execution Region ER_RW (Base: 0x1fffe000, Size: 0x0000010c, Max: 0xffffffff, ABSOLUTE)

    Base Addr    Size         Type   Attr      Idx    E Section Name        Object

    0x1fffe000   0x00000004   Data   RW           17    .data               main.o
    0x1fffe004   0x000000f4   Data   RW          292    .data               lcd.o
    0x1fffe0f8   0x0000000d   Data   RW          462    .data               ws2812.o
    0x1fffe105   0x00000003   PAD
    0x1fffe108   0x00000004   Data   RW          557    .data               system_mkl46z4.o


    Execution Region ER_ZI (Base: 0x1fffe10c, Size: 0x000001cc, Max: 0xffffffff, ABSOLUTE)

    Base Addr    Size         Type   Attr      Idx    E Section Name        Object

    0x1fffe10c   0x00000066   Zero   RW          460    .bss                ws2812.o
    0x1fffe172   0x00000002   PAD
    0x1fffe174   0x00000060   Zero   RW          676    .bss                c_p.l(libspace.o)
    0x1fffe1d4   0x00000004   PAD
    0x1fffe1d8   0x00000000   Zero   RW          544    HEAP                startup_mkl46z4.o
    0x1fffe1d8   0x00000100   Zero   RW          543    STACK               startup_mkl46z4.o


==============================================================================

Image component sizes


      Code (inc. data)   RO Data    RW Data    ZI Data      Debug   Object Name

        62          0          0          0          0       2311   gpio.o
       228          0          0          0          0       3487   i2c.o
       424         74        128        244          0       4172   lcd.o
       942         74          0          4          0     153805   main.o
         0          0        110          0          0        583   s401.o
        68         38        192          0        256        896   startup_mkl46z4.o
       484         52          0          4          0       1611   system_mkl46z4.o
        76          6          0          0          0        494   tc74.o
      1152        134          0         13        102      14503   ws2812.o

    ----------------------------------------------------------------------
      3444        378        464        268        360     181862   Object Totals
         0          0         32          0          0          0   (incl. Generated)
         8          0          2          3          2          0   (incl. Padding)

    ----------------------------------------------------------------------

      Code (inc. data)   RO Data    RW Data    ZI Data      Debug   Library Member Name

         8          0          0          0          0         68   __main.o
       108          0          0          0          0         76   __printf.o
         0          0          0          0          0          0   __rtentry.o
        12          0          0          0          0          0   __rtentry2.o
         6          0          0          0          0          0   __rtentry4.o
        60          8          0          0          0          0   __scatter.o
        26          0          0          0          0          0   __scatter_copy.o
        28          0          0          0          0          0   __scatter_zi.o
        48          6          0          0          0         88   _printf_char_common.o
        10          0          0          0          0          0   _printf_d.o
       108         18          0          0          0         76   _printf_dec.o
       176          0          0          0          0         84   _printf_intcommon.o
         2          0          0          0          0          0   _printf_percent.o
         4          0          0          0          0          0   _printf_percent_end.o
        10          0          0          0          0         60   _sputc.o
       346          0          0          0          0         92   aeabi_sdiv.o
        16          0          0          0          0         68   exit.o
         6          0          0          0          0        136   heapauxi.o
         0          0          0          0          0          0   indicate_semi.o
         2          0          0          0          0          0   libinit.o
         2          0          0          0          0          0   libinit2.o
         2          0          0          0          0          0   libshutdown.o
         2          0          0          0          0          0   libshutdown2.o
         8          4          0          0         96         68   libspace.o
        40          4          0          0          0         84   noretval__2sprintf.o
         2          0          0          0          0          0   rtexit.o
        10          0          0          0          0          0   rtexit2.o
        40          0          0          0          0         60   rtudiv10.o
        12          4          0          0          0         60   sys_exit.o
        62          0          0          0          0         80   sys_stackheap_outer.o
         2          0          0          0          0         68   use_no_semi.o

    ----------------------------------------------------------------------
      1168         44          0          0        100       1168   Library Totals
        10          0          0          0          4          0   (incl. Padding)

    ----------------------------------------------------------------------

      Code (inc. data)   RO Data    RW Data    ZI Data      Debug   Library Name

      1158         44          0          0         96       1168   c_p.l

    ----------------------------------------------------------------------
      1168         44          0          0        100       1168   Library Totals

    ----------------------------------------------------------------------

==============================================================================


      Code (inc. data)   RO Data    RW Data    ZI Data      Debug   

      4612        422        464        268        460     180730   Grand Totals
      4612        422        464        268        460     180730   ELF Image Totals
      4612        422        464        268          0          0   ROM Totals

==============================================================================

    Total RO  Size (Code + RO Data)                 5076 (   4.96kB)
    Total RW  Size (RW Data + ZI Data)               728 (   0.71kB)
    Total ROM Size (Code + RO Data + RW Data)       5344 (   5.22kB)

==============================================================================

